sdcard_if.c:17:16:USER_SPI_TransmitReceive	24	static
sdcard_if.c:22:13:USER_SPI_Transmit	16	static
sdcard_if.c:27:13:USER_SDCARD_Select	4	static
sdcard_if.c:32:13:USER_SDCARD_Unselect	4	static
sdcard_if.c:38:16:USER_SDCARD_isAvailable	4	static
sdcard_if.c:44:13:USER_SDCARD_isInitialisedCallback	4	static
sdcard_if.c:58:16:USER_Return_uSD_Status	4	static
sdcard_if.c:78:13:USER_ICP_ResetCondition	4	static
sdcard_if.c:82:16:USER_ICP_CheckCondition	4	static
sdcard_if.c:87:16:USER_ICP_ConditionValidation	4	static
sdcard_if.c:107:20:SDCARD_ReadR1	16	static
sdcard_if.c:130:16:SDCARD_WaitDataToken	24	static
sdcard_if.c:149:16:SDCARD_ReadBytes	24	static
sdcard_if.c:162:16:SDCARD_WaitNotBusy	16	static
sdcard_if.c:175:5:SDCARD_Init	64	static
sdcard_if.c:344:5:SDCARD_GetBlocksNumber	48	static
sdcard_if.c:405:5:SDCARD_ReadSingleBlock	32	static
sdcard_if.c:456:5:SDCARD_WriteSingleBlock	32	static
sdcard_if.c:513:5:SDCARD_ReadBegin	24	static
sdcard_if.c:545:5:SDCARD_ReadData	24	static
sdcard_if.c:573:5:SDCARD_ReadEnd	16	static
sdcard_if.c:606:5:SDCARD_WriteBegin	24	static
sdcard_if.c:638:5:SDCARD_WriteData	24	static
sdcard_if.c:674:5:SDCARD_WriteEnd	16	static
