stm32wbxx_ll_rcc.h:1665:22:LL_RCC_LSE_SetDriveCapability	16	static
stm32wbxx_ll_bus.h:365:22:LL_AHB1_GRP1_EnableClock	24	static
stm32wbxx_ll_bus.h:540:22:LL_AHB2_GRP1_EnableClock	24	static
main.c:82:5:main	8	static,ignoring_inline_asm
main.c:160:6:SystemClock_Config	192	static
main.c:232:13:MX_ADC1_Init	88	static
main.c:311:13:MX_COMP2_Init	8	static
main.c:345:13:MX_RF_Init	4	static
main.c:366:13:MX_RTC_Init	8	static
main.c:401:13:MX_SPI1_Init	8	static
main.c:439:13:MX_DMA_Init	8	static
main.c:458:13:MX_GPIO_Init	32	static
main.c:507:6:Error_Handler	4	static,ignoring_inline_asm
