stm32wbxx_it.c:73:6:NMI_Handler	4	static
stm32wbxx_it.c:88:6:HardFault_Handler	16	static
stm32wbxx_it.c:105:6:MemManage_Handler	4	static
stm32wbxx_it.c:120:6:BusFault_Handler	4	static
stm32wbxx_it.c:135:6:UsageFault_Handler	4	static
stm32wbxx_it.c:150:6:SVC_Handler	4	static
stm32wbxx_it.c:163:6:DebugMon_Handler	4	static
stm32wbxx_it.c:176:6:PendSV_Handler	4	static
stm32wbxx_it.c:189:6:SysTick_Handler	8	static
stm32wbxx_it.c:210:6:DMA1_Channel1_IRQHandler	24	static
stm32wbxx_it.c:243:6:COMP_IRQHandler	8	static
stm32wbxx_it.c:262:6:EXTI9_5_IRQHandler	8	static
stm32wbxx_it.c:285:6:HSEM_IRQHandler	8	static
stm32wbxx_it.c:297:6:RTC_WKUP_IRQHandler	8	static
stm32wbxx_it.c:301:6:IPCC_C1_RX_IRQHandler	8	static
stm32wbxx_it.c:305:6:IPCC_C1_TX_IRQHandler	8	static
stm32wbxx_it.c:310:6:TIM1_TRG_COM_TIM17_IRQHandler	8	static
stm32wbxx_it.c:329:6:TIM2_IRQHandler	8	static
