stm32wbxx_ll_rcc.h:2863:22:LL_RCC_EnableRTC	4	static
stm32wbxx_ll_rcc.h:2873:22:LL_RCC_DisableRTC	4	static
stm32wbxx_ll_bus.h:540:22:LL_AHB2_GRP1_EnableClock	24	static
stm32wbxx_ll_bus.h:598:22:LL_AHB2_GRP1_DisableClock	16	static
stm32wbxx_ll_bus.h:745:22:LL_AHB3_GRP1_EnableClock	24	static
stm32wbxx_ll_bus.h:940:22:LL_APB1_GRP1_EnableClock	24	static
stm32wbxx_ll_bus.h:1039:22:LL_APB1_GRP1_DisableClock	16	static
stm32wbxx_ll_bus.h:1275:22:LL_APB2_GRP1_EnableClock	24	static
stm32wbxx_ll_bus.h:1329:22:LL_APB2_GRP1_DisableClock	16	static
stm32wbxx_hal_msp.c:65:6:HAL_MspInit	8	static
stm32wbxx_hal_msp.c:97:6:HAL_ADC_MspInit	40	static
stm32wbxx_hal_msp.c:149:6:HAL_ADC_MspDeInit	16	static
stm32wbxx_hal_msp.c:180:6:HAL_COMP_MspInit	40	static
stm32wbxx_hal_msp.c:215:6:HAL_COMP_MspDeInit	16	static
stm32wbxx_hal_msp.c:244:6:HAL_RTC_MspInit	16	static
stm32wbxx_hal_msp.c:267:6:HAL_RTC_MspDeInit	16	static
stm32wbxx_hal_msp.c:290:6:HAL_SPI_MspInit	40	static
stm32wbxx_hal_msp.c:327:6:HAL_SPI_MspDeInit	16	static
