Component: ARM Compiler 5.06 update 6 (build 750) Tool: armlink [4d35ed]

==============================================================================

Section Cross References

    startup_stm32wb55xx_cm4.o(RESET) refers to startup_stm32wb55xx_cm4.o(STACK) for __initial_sp
    startup_stm32wb55xx_cm4.o(RESET) refers to startup_stm32wb55xx_cm4.o(.text) for Reset_Handler
    startup_stm32wb55xx_cm4.o(RESET) refers to stm32wbxx_it.o(i.NMI_Handler) for NMI_Handler
    startup_stm32wb55xx_cm4.o(RESET) refers to stm32wbxx_it.o(i.HardFault_Handler) for HardFault_Handler
    startup_stm32wb55xx_cm4.o(RESET) refers to stm32wbxx_it.o(i.MemManage_Handler) for MemManage_Handler
    startup_stm32wb55xx_cm4.o(RESET) refers to stm32wbxx_it.o(i.BusFault_Handler) for BusFault_Handler
    startup_stm32wb55xx_cm4.o(RESET) refers to stm32wbxx_it.o(i.UsageFault_Handler) for UsageFault_Handler
    startup_stm32wb55xx_cm4.o(RESET) refers to stm32wbxx_it.o(i.SVC_Handler) for SVC_Handler
    startup_stm32wb55xx_cm4.o(RESET) refers to stm32wbxx_it.o(i.DebugMon_Handler) for DebugMon_Handler
    startup_stm32wb55xx_cm4.o(RESET) refers to stm32wbxx_it.o(i.PendSV_Handler) for PendSV_Handler
    startup_stm32wb55xx_cm4.o(RESET) refers to stm32wbxx_it.o(i.SysTick_Handler) for SysTick_Handler
    startup_stm32wb55xx_cm4.o(.text) refers to system_stm32wbxx.o(i.SystemInit) for SystemInit
    startup_stm32wb55xx_cm4.o(.text) refers to entry.o(.ARM.Collect$$$$00000000) for __main
    main.o(i.MX_GPIO_Init) refers to memseta.o(.text) for __aeabi_memclr4
    main.o(i.MX_GPIO_Init) refers to main.o(i.LL_AHB2_GRP1_EnableClock) for LL_AHB2_GRP1_EnableClock
    main.o(i.MX_GPIO_Init) refers to stm32wbxx_hal_gpio.o(i.HAL_GPIO_WritePin) for HAL_GPIO_WritePin
    main.o(i.MX_GPIO_Init) refers to stm32wbxx_hal_gpio.o(i.HAL_GPIO_Init) for HAL_GPIO_Init
    main.o(i.MX_SPI1_Init) refers to stm32wbxx_hal_spi.o(i.HAL_SPI_Init) for HAL_SPI_Init
    main.o(i.MX_SPI1_Init) refers to main.o(.bss) for .bss
    main.o(i.SystemClock_Config) refers to memseta.o(.text) for __aeabi_memclr4
    main.o(i.SystemClock_Config) refers to stm32wbxx_hal_rcc.o(i.HAL_RCC_OscConfig) for HAL_RCC_OscConfig
    main.o(i.SystemClock_Config) refers to stm32wbxx_hal_rcc.o(i.HAL_RCC_ClockConfig) for HAL_RCC_ClockConfig
    main.o(i.SystemClock_Config) refers to stm32wbxx_hal_rcc_ex.o(i.HAL_RCCEx_PeriphCLKConfig) for HAL_RCCEx_PeriphCLKConfig
    main.o(i.eraseFlash) refers to stm32wbxx_hal_flash.o(i.HAL_FLASH_Unlock) for HAL_FLASH_Unlock
    main.o(i.eraseFlash) refers to stm32wbxx_hal_flash_ex.o(i.HAL_FLASHEx_AllowOperation) for HAL_FLASHEx_AllowOperation
    main.o(i.eraseFlash) refers to stm32wbxx_hal_flash_ex.o(i.HAL_FLASHEx_Erase) for HAL_FLASHEx_Erase
    main.o(i.eraseFlash) refers to stm32wbxx_hal_flash.o(i.HAL_FLASH_Lock) for HAL_FLASH_Lock
    main.o(i.eternalFlashing) refers to stm32wbxx_hal.o(i.HAL_Delay) for HAL_Delay
    main.o(i.eternalFlashing_FMW_DOWNLOAD_ERROR) refers to stm32wbxx_hal.o(i.HAL_Delay) for HAL_Delay
    main.o(i.main) refers to system.o(i.InitSystemStructure) for InitSystemStructure
    main.o(i.main) refers to stm32wbxx_hal.o(i.HAL_Init) for HAL_Init
    main.o(i.main) refers to main.o(i.SystemClock_Config) for SystemClock_Config
    main.o(i.main) refers to main.o(i.MX_GPIO_Init) for MX_GPIO_Init
    main.o(i.main) refers to main.o(i.MX_SPI1_Init) for MX_SPI1_Init
    main.o(i.main) refers to stm32wbxx_hal.o(i.HAL_Delay) for HAL_Delay
    main.o(i.main) refers to ff.o(i.f_mount) for f_mount
    main.o(i.main) refers to ff.o(i.f_findfirst) for f_findfirst
    main.o(i.main) refers to ff.o(i.f_open) for f_open
    main.o(i.main) refers to memcpya.o(.text) for __aeabi_memcpy4
    main.o(i.main) refers to ff.o(i.f_write) for f_write
    main.o(i.main) refers to ff.o(i.f_close) for f_close
    main.o(i.main) refers to main.o(i.isAppAvailable) for isAppAvailable
    main.o(i.main) refers to main.o(i.turnOffSPI) for turnOffSPI
    main.o(i.main) refers to main.o(i.jumpToApplication) for jumpToApplication
    main.o(i.main) refers to main.o(i.eraseFlash) for eraseFlash
    main.o(i.main) refers to main.o(i.eternalFlashing) for eternalFlashing
    main.o(i.main) refers to stm32wbxx_hal_flash.o(i.HAL_FLASH_Unlock) for HAL_FLASH_Unlock
    main.o(i.main) refers to ff.o(i.f_gets) for f_gets
    main.o(i.main) refers to ihc.o(i.IH_ProcessString) for IH_ProcessString
    main.o(i.main) refers to stm32wbxx_hal_flash.o(i.HAL_FLASH_Program) for HAL_FLASH_Program
    main.o(i.main) refers to stm32wbxx_hal_flash.o(i.HAL_FLASH_Lock) for HAL_FLASH_Lock
    main.o(i.main) refers to main.o(i.eternalFlashing_FMW_DOWNLOAD_ERROR) for eternalFlashing_FMW_DOWNLOAD_ERROR
    main.o(i.main) refers to ff.o(i.f_unlink) for f_unlink
    main.o(i.main) refers to system.o(.bss) for sys
    stm32wbxx_it.o(i.SysTick_Handler) refers to stm32wbxx_hal.o(i.HAL_IncTick) for HAL_IncTick
[...]
    Removing stm32wbxx_hal.o(i.HAL_GetREVID), (12 bytes).
    Removing stm32wbxx_hal.o(i.HAL_GetTickFreq), (12 bytes).
    Removing stm32wbxx_hal.o(i.HAL_GetUIDw0), (12 bytes).
    Removing stm32wbxx_hal.o(i.HAL_GetUIDw1), (12 bytes).
    Removing stm32wbxx_hal.o(i.HAL_GetUIDw2), (12 bytes).
    Removing stm32wbxx_hal.o(i.HAL_MspDeInit), (2 bytes).
    Removing stm32wbxx_hal.o(i.HAL_MspInit), (2 bytes).
    Removing stm32wbxx_hal.o(i.HAL_ResumeTick), (14 bytes).
    Removing stm32wbxx_hal.o(i.HAL_SYSCFG_DisableIOBooster), (16 bytes).
    Removing stm32wbxx_hal.o(i.HAL_SYSCFG_DisableIOVdd), (16 bytes).
    Removing stm32wbxx_hal.o(i.HAL_SYSCFG_DisableSRAMFetch), (16 bytes).
    Removing stm32wbxx_hal.o(i.HAL_SYSCFG_DisableSecurityAccess), (20 bytes).
    Removing stm32wbxx_hal.o(i.HAL_SYSCFG_DisableVREFBUF), (16 bytes).
    Removing stm32wbxx_hal.o(i.HAL_SYSCFG_EnableIOBooster), (16 bytes).
    Removing stm32wbxx_hal.o(i.HAL_SYSCFG_EnableIOVdd), (16 bytes).
    Removing stm32wbxx_hal.o(i.HAL_SYSCFG_EnableSecurityAccess), (20 bytes).
    Removing stm32wbxx_hal.o(i.HAL_SYSCFG_EnableVREFBUF), (48 bytes).
    Removing stm32wbxx_hal.o(i.HAL_SYSCFG_IsEnabledSRAMFetch), (16 bytes).
    Removing stm32wbxx_hal.o(i.HAL_SYSCFG_IsEnabledSecurityAccess), (24 bytes).
    Removing stm32wbxx_hal.o(i.HAL_SYSCFG_SRAM2Erase), (24 bytes).
    Removing stm32wbxx_hal.o(i.HAL_SYSCFG_VREFBUF_HighImpedanceConfig), (20 bytes).
    Removing stm32wbxx_hal.o(i.HAL_SYSCFG_VREFBUF_TrimmingConfig), (12 bytes).
    Removing stm32wbxx_hal.o(i.HAL_SYSCFG_VREFBUF_VoltageScalingConfig), (40 bytes).
    Removing stm32wbxx_hal.o(i.HAL_SetTickFreq), (36 bytes).
    Removing stm32wbxx_hal.o(i.HAL_SuspendTick), (14 bytes).
    Removing stm32wbxx_hal_exti.o(.rev16_text), (4 bytes).
    Removing stm32wbxx_hal_exti.o(.revsh_text), (4 bytes).
    Removing stm32wbxx_hal_exti.o(.rrx_text), (6 bytes).
    Removing stm32wbxx_hal_exti.o(i.HAL_EXTI_ClearConfigLine), (128 bytes).
    Removing stm32wbxx_hal_exti.o(i.HAL_EXTI_ClearPending), (28 bytes).
    Removing stm32wbxx_hal_exti.o(i.HAL_EXTI_GenerateSWI), (28 bytes).
    Removing stm32wbxx_hal_exti.o(i.HAL_EXTI_GetConfigLine), (172 bytes).
    Removing stm32wbxx_hal_exti.o(i.HAL_EXTI_GetHandle), (12 bytes).
    Removing stm32wbxx_hal_exti.o(i.HAL_EXTI_GetPending), (32 bytes).
    Removing stm32wbxx_hal_exti.o(i.HAL_EXTI_IRQHandler), (44 bytes).
    Removing stm32wbxx_hal_exti.o(i.HAL_EXTI_RegisterCallback), (14 bytes).
    Removing stm32wbxx_hal_exti.o(i.HAL_EXTI_SetConfigLine), (176 bytes).
    Removing stm32wbxx_hal_tim.o(.rev16_text), (4 bytes).
    Removing stm32wbxx_hal_tim.o(.revsh_text), (4 bytes).
    Removing stm32wbxx_hal_tim.o(.rrx_text), (6 bytes).
    Removing stm32wbxx_hal_tim_ex.o(.rev16_text), (4 bytes).
    Removing stm32wbxx_hal_tim_ex.o(.revsh_text), (4 bytes).
    Removing stm32wbxx_hal_tim_ex.o(.rrx_text), (6 bytes).
    Removing system_stm32wbxx.o(.rev16_text), (4 bytes).
    Removing system_stm32wbxx.o(.revsh_text), (4 bytes).
    Removing system_stm32wbxx.o(.rrx_text), (6 bytes).
    Removing system_stm32wbxx.o(i.SystemCoreClockUpdate), (156 bytes).
    Removing system_stm32wbxx.o(.constdata), (32 bytes).
    Removing system_stm32wbxx.o(.constdata), (96 bytes).

404 unused section(s) (total 22234 bytes) removed from the image.

==============================================================================

Image Symbol Table

    Local Symbols

    Symbol Name                              Value     Ov Type        Size  Object(Section)

    ../Core/Src/main.c                       0x00000000   Number         0  main.o ABSOLUTE
    ../Core/Src/stm32wbxx_hal_msp.c          0x00000000   Number         0  stm32wbxx_hal_msp.o ABSOLUTE
    ../Core/Src/stm32wbxx_it.c               0x00000000   Number         0  stm32wbxx_it.o ABSOLUTE
    ../Core/Src/system_stm32wbxx.c           0x00000000   Number         0  system_stm32wbxx.o ABSOLUTE
    ../Drivers/STM32WBxx_HAL_Driver/Src/stm32wbxx_hal.c 0x00000000   Number         0  stm32wbxx_hal.o ABSOLUTE
    ../Drivers/STM32WBxx_HAL_Driver/Src/stm32wbxx_hal_cortex.c 0x00000000   Number         0  stm32wbxx_hal_cortex.o ABSOLUTE
    ../Drivers/STM32WBxx_HAL_Driver/Src/stm32wbxx_hal_dma.c 0x00000000   Number         0  stm32wbxx_hal_dma.o ABSOLUTE
    ../Drivers/STM32WBxx_HAL_Driver/Src/stm32wbxx_hal_dma_ex.c 0x00000000   Number         0  stm32wbxx_hal_dma_ex.o ABSOLUTE
    ../Drivers/STM32WBxx_HAL_Driver/Src/stm32wbxx_hal_exti.c 0x00000000   Number         0  stm32wbxx_hal_exti.o ABSOLUTE
    ../Drivers/STM32WBxx_HAL_Driver/Src/stm32wbxx_hal_flash.c 0x00000000   Number         0  stm32wbxx_hal_flash.o ABSOLUTE
    ../Drivers/STM32WBxx_HAL_Driver/Src/stm32wbxx_hal_flash_ex.c 0x00000000   Number         0  stm32wbxx_hal_flash_ex.o ABSOLUTE
    ../Drivers/STM32WBxx_HAL_Driver/Src/stm32wbxx_hal_gpio.c 0x00000000   Number         0  stm32wbxx_hal_gpio.o ABSOLUTE
    ../Drivers/STM32WBxx_HAL_Driver/Src/stm32wbxx_hal_hsem.c 0x00000000   Number         0  stm32wbxx_hal_hsem.o ABSOLUTE
    ../Drivers/STM32WBxx_HAL_Driver/Src/stm32wbxx_hal_pwr.c 0x00000000   Number         0  stm32wbxx_hal_pwr.o ABSOLUTE
    ../Drivers/STM32WBxx_HAL_Driver/Src/stm32wbxx_hal_pwr_ex.c 0x00000000   Number         0  stm32wbxx_hal_pwr_ex.o ABSOLUTE
    ../Drivers/STM32WBxx_HAL_Driver/Src/stm32wbxx_hal_rcc.c 0x00000000   Number         0  stm32wbxx_hal_rcc.o ABSOLUTE
    ../Drivers/STM32WBxx_HAL_Driver/Src/stm32wbxx_hal_rcc_ex.c 0x00000000   Number         0  stm32wbxx_hal_rcc_ex.o ABSOLUTE
    ../Drivers/STM32WBxx_HAL_Driver/Src/stm32wbxx_hal_spi.c 0x00000000   Number         0  stm32wbxx_hal_spi.o ABSOLUTE
    ../Drivers/STM32WBxx_HAL_Driver/Src/stm32wbxx_hal_spi_ex.c 0x00000000   Number         0  stm32wbxx_hal_spi_ex.o ABSOLUTE
    ../Drivers/STM32WBxx_HAL_Driver/Src/stm32wbxx_hal_tim.c 0x00000000   Number         0  stm32wbxx_hal_tim.o ABSOLUTE
    ../Drivers/STM32WBxx_HAL_Driver/Src/stm32wbxx_hal_tim_ex.c 0x00000000   Number         0  stm32wbxx_hal_tim_ex.o ABSOLUTE
    ../clib/microlib/init/entry.s            0x00000000   Number         0  entry7b.o ABSOLUTE
    ../clib/microlib/init/entry.s            0x00000000   Number         0  entry7a.o ABSOLUTE
    ../clib/microlib/init/entry.s            0x00000000   Number         0  entry5.o ABSOLUTE
    ../clib/microlib/init/entry.s            0x00000000   Number         0  entry11a.o ABSOLUTE
    ../clib/microlib/init/entry.s            0x00000000   Number         0  entry10b.o ABSOLUTE
    ../clib/microlib/init/entry.s            0x00000000   Number         0  entry10a.o ABSOLUTE
    ../clib/microlib/init/entry.s            0x00000000   Number         0  entry9b.o ABSOLUTE
    ../clib/microlib/init/entry.s            0x00000000   Number         0  entry.o ABSOLUTE
    ../clib/microlib/init/entry.s            0x00000000   Number         0  entry9a.o ABSOLUTE
    ../clib/microlib/init/entry.s            0x00000000   Number         0  entry8a.o ABSOLUTE
    ../clib/microlib/init/entry.s            0x00000000   Number         0  entry2.o ABSOLUTE
    ../clib/microlib/init/entry.s            0x00000000   Number         0  entry8b.o ABSOLUTE
    ../clib/microlib/init/entry.s            0x00000000   Number         0  entry11b.o ABSOLUTE
    ../clib/microlib/string/memcpy.c         0x00000000   Number         0  memcpya.o ABSOLUTE
    ../clib/microlib/string/memcpy.c         0x00000000   Number         0  memcpyb.o ABSOLUTE
    ../clib/microlib/string/memset.c         0x00000000   Number         0  memseta.o ABSOLUTE
    ..\Core\Src\main.c                       0x00000000   Number         0  main.o ABSOLUTE
    ..\Core\Src\stm32wbxx_hal_msp.c          0x00000000   Number         0  stm32wbxx_hal_msp.o ABSOLUTE
    ..\Core\Src\stm32wbxx_it.c               0x00000000   Number         0  stm32wbxx_it.o ABSOLUTE
    ..\Core\Src\system_stm32wbxx.c           0x00000000   Number         0  system_stm32wbxx.o ABSOLUTE
    ..\Drivers\STM32WBxx_HAL_Driver\Src\stm32wbxx_hal.c 0x00000000   Number         0  stm32wbxx_hal.o ABSOLUTE
    ..\Drivers\STM32WBxx_HAL_Driver\Src\stm32wbxx_hal_cortex.c 0x00000000   Number         0  stm32wbxx_hal_cortex.o ABSOLUTE
    ..\Drivers\STM32WBxx_HAL_Driver\Src\stm32wbxx_hal_dma.c 0x00000000   Number         0  stm32wbxx_hal_dma.o ABSOLUTE
    ..\Drivers\STM32WBxx_HAL_Driver\Src\stm32wbxx_hal_dma_ex.c 0x00000000   Number         0  stm32wbxx_hal_dma_ex.o ABSOLUTE
    ..\Drivers\STM32WBxx_HAL_Driver\Src\stm32wbxx_hal_exti.c 0x00000000   Number         0  stm32wbxx_hal_exti.o ABSOLUTE
    ..\Drivers\STM32WBxx_HAL_Driver\Src\stm32wbxx_hal_flash.c 0x00000000   Number         0  stm32wbxx_hal_flash.o ABSOLUTE
    ..\Drivers\STM32WBxx_HAL_Driver\Src\stm32wbxx_hal_flash_ex.c 0x00000000   Number         0  stm32wbxx_hal_flash_ex.o ABSOLUTE
    ..\Drivers\STM32WBxx_HAL_Driver\Src\stm32wbxx_hal_gpio.c 0x00000000   Number         0  stm32wbxx_hal_gpio.o ABSOLUTE
    ..\Drivers\STM32WBxx_HAL_Driver\Src\stm32wbxx_hal_hsem.c 0x00000000   Number         0  stm32wbxx_hal_hsem.o ABSOLUTE
    ..\Drivers\STM32WBxx_HAL_Driver\Src\stm32wbxx_hal_pwr.c 0x00000000   Number         0  stm32wbxx_hal_pwr.o ABSOLUTE
    ..\Drivers\STM32WBxx_HAL_Driver\Src\stm32wbxx_hal_pwr_ex.c 0x00000000   Number         0  stm32wbxx_hal_pwr_ex.o ABSOLUTE
    ..\Drivers\STM32WBxx_HAL_Driver\Src\stm32wbxx_hal_rcc.c 0x00000000   Number         0  stm32wbxx_hal_rcc.o ABSOLUTE
    ..\Drivers\STM32WBxx_HAL_Driver\Src\stm32wbxx_hal_rcc_ex.c 0x00000000   Number         0  stm32wbxx_hal_rcc_ex.o ABSOLUTE
    ..\Drivers\STM32WBxx_HAL_Driver\Src\stm32wbxx_hal_spi.c 0x00000000   Number         0  stm32wbxx_hal_spi.o ABSOLUTE
    ..\Drivers\STM32WBxx_HAL_Driver\Src\stm32wbxx_hal_spi_ex.c 0x00000000   Number         0  stm32wbxx_hal_spi_ex.o ABSOLUTE
    ..\Drivers\STM32WBxx_HAL_Driver\Src\stm32wbxx_hal_tim.c 0x00000000   Number         0  stm32wbxx_hal_tim.o ABSOLUTE
    ..\Drivers\STM32WBxx_HAL_Driver\Src\stm32wbxx_hal_tim_ex.c 0x00000000   Number         0  stm32wbxx_hal_tim_ex.o ABSOLUTE
    Libraries\FatFS_src\diskio.c             0x00000000   Number         0  diskio.o ABSOLUTE
    Libraries\FatFS_src\ff.c                 0x00000000   Number         0  ff.o ABSOLUTE
    Libraries\FatFS_src\ffsystem.c           0x00000000   Number         0  ffsystem.o ABSOLUTE
    Libraries\FatFS_src\ffunicode.c          0x00000000   Number         0  ffunicode.o ABSOLUTE
    Libraries\FatFS_src\sdcard_if.c          0x00000000   Number         0  sdcard_if.o ABSOLUTE
    Libraries\IntelHexConverter\IHC.c        0x00000000   Number         0  ihc.o ABSOLUTE
    Libraries\System\System.c                0x00000000   Number         0  system.o ABSOLUTE
    Libraries\System\TIM16 subsystem\TIM16_driver_functions.c 0x00000000   Number         0  tim16_driver_functions.o ABSOLUTE
    Libraries\System\TIM16 subsystem\TIM16_subsystem.c 0x00000000   Number         0  tim16_subsystem.o ABSOLUTE
    Libraries\System\uSD subsystem\sd_override_functions.c 0x00000000   Number         0  sd_override_functions.o ABSOLUTE
    Libraries\System\uSD subsystem\uSD_driver_functions.c 0x00000000   Number         0  usd_driver_functions.o ABSOLUTE
    Libraries\System\uSD subsystem\uSD_subsystem.c 0x00000000   Number         0  usd_subsystem.o ABSOLUTE
    Libraries\\FatFS_src\\diskio.c           0x00000000   Number         0  diskio.o ABSOLUTE
    Libraries\\FatFS_src\\sdcard_if.c        0x00000000   Number         0  sdcard_if.o ABSOLUTE
    Libraries\\IntelHexConverter\\IHC.c      0x00000000   Number         0  ihc.o ABSOLUTE
    Libraries\\System\\System.c              0x00000000   Number         0  system.o ABSOLUTE
    Libraries\\System\\TIM16 subsystem\\TIM16_driver_functions.c 0x00000000   Number         0  tim16_driver_functions.o ABSOLUTE
    Libraries\\System\\TIM16 subsystem\\TIM16_subsystem.c 0x00000000   Number         0  tim16_subsystem.o ABSOLUTE
    Libraries\\System\\uSD subsystem\\sd_override_functions.c 0x00000000   Number         0  sd_override_functions.o ABSOLUTE
    Libraries\\System\\uSD subsystem\\uSD_driver_functions.c 0x00000000   Number         0  usd_driver_functions.o ABSOLUTE
    Libraries\\System\\uSD subsystem\\uSD_subsystem.c 0x00000000   Number         0  usd_subsystem.o ABSOLUTE
    dc.s                                     0x00000000   Number         0  dc.o ABSOLUTE
    handlers.s                               0x00000000   Number         0  handlers.o ABSOLUTE
    init.s                                   0x00000000   Number         0  init.o ABSOLUTE
    startup_stm32wb55xx_cm4.s                0x00000000   Number         0  startup_stm32wb55xx_cm4.o ABSOLUTE
    RESET                                    0x08000000   Section      316  startup_stm32wb55xx_cm4.o(RESET)
    .ARM.Collect$$$$00000000                 0x0800013c   Section        0  entry.o(.ARM.Collect$$$$00000000)
    .ARM.Collect$$$$00000001                 0x0800013c   Section        4  entry2.o(.ARM.Collect$$$$00000001)
    .ARM.Collect$$$$00000004                 0x08000140   Section        4  entry5.o(.ARM.Collect$$$$00000004)
    .ARM.Collect$$$$00000008                 0x08000144   Section        0  entry7b.o(.ARM.Collect$$$$00000008)
    .ARM.Collect$$$$0000000A                 0x08000144   Section        0  entry8b.o(.ARM.Collect$$$$0000000A)
    .ARM.Collect$$$$0000000B                 0x08000144   Section        8  entry9a.o(.ARM.Collect$$$$0000000B)
    .ARM.Collect$$$$0000000D                 0x0800014c   Section        0  entry10a.o(.ARM.Collect$$$$0000000D)
    .ARM.Collect$$$$0000000F                 0x0800014c   Section        0  entry11a.o(.ARM.Collect$$$$0000000F)
    .ARM.Collect$$$$00002712                 0x0800014c   Section        4  entry2.o(.ARM.Collect$$$$00002712)
    __lit__00000000                          0x0800014c   Data           4  entry2.o(.ARM.Collect$$$$00002712)
    .text                                    0x08000150   Section       36  startup_stm32wb55xx_cm4.o(.text)
    $v0                                      0x08000150   Number         0  startup_stm32wb55xx_cm4.o(.text)
    .text                                    0x08000174   Section        0  memcpya.o(.text)
    .text                                    0x08000198   Section        0  memseta.o(.text)
    .text                                    0x080001bc   Section       36  init.o(.text)
    i.AsciiToHex                             0x080001e0   Section        0  ihc.o(i.AsciiToHex)
    AsciiToHex                               0x080001e1   Thumb Code    18  ihc.o(i.AsciiToHex)
    i.BusFault_Handler                       0x080001f2   Section        0  stm32wbxx_it.o(i.BusFault_Handler)
    i.DebugMon_Handler                       0x080001f4   Section        0  stm32wbxx_it.o(i.DebugMon_Handler)
    i.FLASH_FlushCaches                      0x080001f8   Section        0  stm32wbxx_hal_flash_ex.o(i.FLASH_FlushCaches)
    FLASH_FlushCaches                        0x080001f9   Thumb Code    80  stm32wbxx_hal_flash_ex.o(i.FLASH_FlushCaches)
    i.FLASH_PageErase                        0x0800024c   Section        0  stm32wbxx_hal_flash_ex.o(i.FLASH_PageErase)
    i.FLASH_Program_DoubleWord               0x08000268   Section        0  stm32wbxx_hal_flash.o(i.FLASH_Program_DoubleWord)
    FLASH_Program_DoubleWord                 0x08000269   Thumb Code    22  stm32wbxx_hal_flash.o(i.FLASH_Program_DoubleWord)
    i.FLASH_Program_Fast                     0x08000284   Section        0  stm32wbxx_hal_flash.o(i.FLASH_Program_Fast)
    FLASH_Program_Fast                       0x08000285   Thumb Code    46  stm32wbxx_hal_flash.o(i.FLASH_Program_Fast)
    i.FLASH_WaitForLastOperation             0x080002b8   Section        0  stm32wbxx_hal_flash.o(i.FLASH_WaitForLastOperation)
    i.HAL_Delay                              0x08000324   Section        0  stm32wbxx_hal.o(i.HAL_Delay)
    i.HAL_FLASHEx_AllowOperation             0x08000348   Section        0  stm32wbxx_hal_flash_ex.o(i.HAL_FLASHEx_AllowOperation)
    i.HAL_FLASHEx_Erase                      0x08000358   Section        0  stm32wbxx_hal_flash_ex.o(i.HAL_FLASHEx_Erase)
    i.HAL_FLASH_Lock                         0x080003dc   Section        0  stm32wbxx_hal_flash.o(i.HAL_FLASH_Lock)
    i.HAL_FLASH_Program                      0x080003f8   Section        0  stm32wbxx_hal_flash.o(i.HAL_FLASH_Program)
    i.HAL_FLASH_Unlock                       0x0800045c   Section        0  stm32wbxx_hal_flash.o(i.HAL_FLASH_Unlock)
    i.HAL_GPIO_Init                          0x08000484   Section        0  stm32wbxx_hal_gpio.o(i.HAL_GPIO_Init)
    i.HAL_GPIO_WritePin                      0x08000628   Section        0  stm32wbxx_hal_gpio.o(i.HAL_GPIO_WritePin)
    i.HAL_GetTick                            0x08000634   Section        0  stm32wbxx_hal.o(i.HAL_GetTick)
    i.HAL_GetTickPrio                        0x08000640   Section        0  stm32wbxx_hal.o(i.HAL_GetTickPrio)
    i.HAL_IncTick                            0x0800064c   Section        0  stm32wbxx_hal.o(i.HAL_IncTick)
    i.HAL_Init                               0x0800065c   Section        0  stm32wbxx_hal.o(i.HAL_Init)
    i.HAL_InitTick                           0x08000688   Section        0  stm32wbxx_hal.o(i.HAL_InitTick)
    i.HAL_MspInit                            0x080006c8   Section        0  stm32wbxx_hal_msp.o(i.HAL_MspInit)
    i.HAL_NVIC_SetPriority                   0x080006f0   Section        0  stm32wbxx_hal_cortex.o(i.HAL_NVIC_SetPriority)
    i.HAL_NVIC_SetPriorityGrouping           0x08000730   Section        0  stm32wbxx_hal_cortex.o(i.HAL_NVIC_SetPriorityGrouping)
    i.HAL_PWREx_GetVoltageRange              0x08000754   Section        0  stm32wbxx_hal_pwr_ex.o(i.HAL_PWREx_GetVoltageRange)
    i.HAL_PWR_EnableBkUpAccess               0x08000764   Section        0  stm32wbxx_hal_pwr.o(i.HAL_PWR_EnableBkUpAccess)
    i.HAL_RCCEx_PeriphCLKConfig              0x08000774   Section        0  stm32wbxx_hal_rcc_ex.o(i.HAL_RCCEx_PeriphCLKConfig)
    i.HAL_RCC_ClockConfig                    0x08000988   Section        0  stm32wbxx_hal_rcc.o(i.HAL_RCC_ClockConfig)
    i.HAL_RCC_GetHCLKFreq                    0x08000b80   Section        0  stm32wbxx_hal_rcc.o(i.HAL_RCC_GetHCLKFreq)
    i.HAL_RCC_GetSysClockFreq                0x08000ba4   Section        0  stm32wbxx_hal_rcc.o(i.HAL_RCC_GetSysClockFreq)
    i.HAL_RCC_OscConfig                      0x08000c38   Section        0  stm32wbxx_hal_rcc.o(i.HAL_RCC_OscConfig)
    i.HAL_SPI_Init                           0x080011bc   Section        0  stm32wbxx_hal_spi.o(i.HAL_SPI_Init)
    i.HAL_SPI_MspInit                        0x0800129c   Section        0  stm32wbxx_hal_msp.o(i.HAL_SPI_MspInit)
    i.HAL_SYSTICK_Config                     0x080012fc   Section        0  stm32wbxx_hal_cortex.o(i.HAL_SYSTICK_Config)
    i.HardFault_Handler                      0x08001324   Section        0  stm32wbxx_it.o(i.HardFault_Handler)
    i.IH_ProcessString                       0x08001328   Section        0  ihc.o(i.IH_ProcessString)
    i.InitSystemStructure                    0x080014e0   Section        0  system.o(i.InitSystemStructure)
    i.LL_AHB2_GRP1_EnableClock               0x080014f8   Section        0  main.o(i.LL_AHB2_GRP1_EnableClock)
    LL_AHB2_GRP1_EnableClock                 0x080014f9   Thumb Code    20  main.o(i.LL_AHB2_GRP1_EnableClock)
    i.LL_RCC_GetSysClkSource                 0x0800150c   Section        0  stm32wbxx_hal_rcc.o(i.LL_RCC_GetSysClkSource)
    LL_RCC_GetSysClkSource                   0x0800150d   Thumb Code    12  stm32wbxx_hal_rcc.o(i.LL_RCC_GetSysClkSource)
    i.LL_RCC_HSE_IsReady                     0x08001518   Section        0  stm32wbxx_hal_rcc.o(i.LL_RCC_HSE_IsReady)
    LL_RCC_HSE_IsReady                       0x08001519   Thumb Code    12  stm32wbxx_hal_rcc.o(i.LL_RCC_HSE_IsReady)
    i.LL_RCC_HSI_IsReady                     0x08001524   Section        0  stm32wbxx_hal_rcc.o(i.LL_RCC_HSI_IsReady)
    LL_RCC_HSI_IsReady                       0x08001525   Thumb Code    12  stm32wbxx_hal_rcc.o(i.LL_RCC_HSI_IsReady)
    i.LL_RCC_HSI_SetCalibTrimming            0x08001530   Section        0  stm32wbxx_hal_rcc.o(i.LL_RCC_HSI_SetCalibTrimming)
    LL_RCC_HSI_SetCalibTrimming              0x08001531   Thumb Code    18  stm32wbxx_hal_rcc.o(i.LL_RCC_HSI_SetCalibTrimming)
    i.LL_RCC_LSE_IsReady                     0x08001542   Section        0  stm32wbxx_hal_rcc_ex.o(i.LL_RCC_LSE_IsReady)
    LL_RCC_LSE_IsReady                       0x08001543   Thumb Code    14  stm32wbxx_hal_rcc_ex.o(i.LL_RCC_LSE_IsReady)
    i.LL_RCC_LSI1_IsReady                    0x08001550   Section        0  stm32wbxx_hal_rcc.o(i.LL_RCC_LSI1_IsReady)
    LL_RCC_LSI1_IsReady                      0x08001551   Thumb Code    14  stm32wbxx_hal_rcc.o(i.LL_RCC_LSI1_IsReady)
    i.LL_RCC_MSI_GetRange                    0x0800155e   Section        0  stm32wbxx_hal_rcc.o(i.LL_RCC_MSI_GetRange)
    LL_RCC_MSI_GetRange                      0x0800155f   Thumb Code    18  stm32wbxx_hal_rcc.o(i.LL_RCC_MSI_GetRange)
    i.LL_RCC_MSI_IsReady                     0x08001570   Section        0  stm32wbxx_hal_rcc.o(i.LL_RCC_MSI_IsReady)
    LL_RCC_MSI_IsReady                       0x08001571   Thumb Code    12  stm32wbxx_hal_rcc.o(i.LL_RCC_MSI_IsReady)
    i.LL_RCC_MSI_SetCalibTrimming            0x0800157c   Section        0  stm32wbxx_hal_rcc.o(i.LL_RCC_MSI_SetCalibTrimming)
    LL_RCC_MSI_SetCalibTrimming              0x0800157d   Thumb Code    18  stm32wbxx_hal_rcc.o(i.LL_RCC_MSI_SetCalibTrimming)
    i.LL_RCC_MSI_SetRange                    0x0800158e   Section        0  stm32wbxx_hal_rcc.o(i.LL_RCC_MSI_SetRange)
    LL_RCC_MSI_SetRange                      0x0800158f   Thumb Code    16  stm32wbxx_hal_rcc.o(i.LL_RCC_MSI_SetRange)
    i.LL_RCC_PLLSAI1_Disable                 0x0800159e   Section        0  stm32wbxx_hal_rcc_ex.o(i.LL_RCC_PLLSAI1_Disable)
    LL_RCC_PLLSAI1_Disable                   0x0800159f   Thumb Code    14  stm32wbxx_hal_rcc_ex.o(i.LL_RCC_PLLSAI1_Disable)
    i.LL_RCC_PLLSAI1_Enable                  0x080015ac   Section        0  stm32wbxx_hal_rcc_ex.o(i.LL_RCC_PLLSAI1_Enable)
    LL_RCC_PLLSAI1_Enable                    0x080015ad   Thumb Code    14  stm32wbxx_hal_rcc_ex.o(i.LL_RCC_PLLSAI1_Enable)
    i.LL_RCC_PLLSAI1_IsReady                 0x080015ba   Section        0  stm32wbxx_hal_rcc_ex.o(i.LL_RCC_PLLSAI1_IsReady)
    LL_RCC_PLLSAI1_IsReady                   0x080015bb   Thumb Code    12  stm32wbxx_hal_rcc_ex.o(i.LL_RCC_PLLSAI1_IsReady)
    i.LL_RCC_PLL_GetMainSource               0x080015c6   Section        0  stm32wbxx_hal_rcc.o(i.LL_RCC_PLL_GetMainSource)
    LL_RCC_PLL_GetMainSource                 0x080015c7   Thumb Code    12  stm32wbxx_hal_rcc.o(i.LL_RCC_PLL_GetMainSource)
    i.LL_RCC_SetCLK48ClockSource             0x080015d2   Section        0  stm32wbxx_hal_rcc_ex.o(i.LL_RCC_SetCLK48ClockSource)
    LL_RCC_SetCLK48ClockSource               0x080015d3   Thumb Code    18  stm32wbxx_hal_rcc_ex.o(i.LL_RCC_SetCLK48ClockSource)
    i.LL_RCC_SetI2CClockSource               0x080015e4   Section        0  stm32wbxx_hal_rcc_ex.o(i.LL_RCC_SetI2CClockSource)
    LL_RCC_SetI2CClockSource                 0x080015e5   Thumb Code    30  stm32wbxx_hal_rcc_ex.o(i.LL_RCC_SetI2CClockSource)
    i.LL_RCC_SetLPTIMClockSource             0x08001602   Section        0  stm32wbxx_hal_rcc_ex.o(i.LL_RCC_SetLPTIMClockSource)
    LL_RCC_SetLPTIMClockSource               0x08001603   Thumb Code    22  stm32wbxx_hal_rcc_ex.o(i.LL_RCC_SetLPTIMClockSource)
    i.LL_RCC_SetRNGClockSource               0x08001618   Section        0  stm32wbxx_hal_rcc_ex.o(i.LL_RCC_SetRNGClockSource)
    LL_RCC_SetRNGClockSource                 0x08001619   Thumb Code    18  stm32wbxx_hal_rcc_ex.o(i.LL_RCC_SetRNGClockSource)
    i.MX_GPIO_Init                           0x0800162c   Section        0  main.o(i.MX_GPIO_Init)
    MX_GPIO_Init                             0x0800162d   Thumb Code   118  main.o(i.MX_GPIO_Init)
    i.MX_SPI1_Init                           0x080016ac   Section        0  main.o(i.MX_SPI1_Init)
    MX_SPI1_Init                             0x080016ad   Thumb Code    66  main.o(i.MX_SPI1_Init)
    i.MemManage_Handler                      0x080016f8   Section        0  stm32wbxx_it.o(i.MemManage_Handler)
    i.NMI_Handler                            0x080016fa   Section        0  stm32wbxx_it.o(i.NMI_Handler)
    i.PendSV_Handler                         0x080016fc   Section        0  stm32wbxx_it.o(i.PendSV_Handler)
    i.RCCEx_PLLSAI1_ConfigNP                 0x080016fe   Section        0  stm32wbxx_hal_rcc_ex.o(i.RCCEx_PLLSAI1_ConfigNP)
    RCCEx_PLLSAI1_ConfigNP                   0x080016ff   Thumb Code   116  stm32wbxx_hal_rcc_ex.o(i.RCCEx_PLLSAI1_ConfigNP)
    i.RCCEx_PLLSAI1_ConfigNQ                 0x08001772   Section        0  stm32wbxx_hal_rcc_ex.o(i.RCCEx_PLLSAI1_ConfigNQ)
    RCCEx_PLLSAI1_ConfigNQ                   0x08001773   Thumb Code   116  stm32wbxx_hal_rcc_ex.o(i.RCCEx_PLLSAI1_ConfigNQ)
    i.RCCEx_PLLSAI1_ConfigNR                 0x080017e6   Section        0  stm32wbxx_hal_rcc_ex.o(i.RCCEx_PLLSAI1_ConfigNR)
    RCCEx_PLLSAI1_ConfigNR                   0x080017e7   Thumb Code   116  stm32wbxx_hal_rcc_ex.o(i.RCCEx_PLLSAI1_ConfigNR)
    i.RCC_SetFlashLatency                    0x0800185c   Section        0  stm32wbxx_hal_rcc.o(i.RCC_SetFlashLatency)
    RCC_SetFlashLatency                      0x0800185d   Thumb Code   134  stm32wbxx_hal_rcc.o(i.RCC_SetFlashLatency)
    i.RCC_SetFlashLatencyFromMSIRange        0x080018ec   Section        0  stm32wbxx_hal_rcc.o(i.RCC_SetFlashLatencyFromMSIRange)
    RCC_SetFlashLatencyFromMSIRange          0x080018ed   Thumb Code    62  stm32wbxx_hal_rcc.o(i.RCC_SetFlashLatencyFromMSIRange)
    i.SDCARD_Init                            0x08001938   Section        0  sdcard_if.o(i.SDCARD_Init)
    i.SDCARD_ReadBegin                       0x08001ad4   Section        0  sdcard_if.o(i.SDCARD_ReadBegin)
    i.SDCARD_ReadBytes                       0x08001b44   Section        0  sdcard_if.o(i.SDCARD_ReadBytes)
    i.SDCARD_ReadData                        0x08001b72   Section        0  sdcard_if.o(i.SDCARD_ReadData)
    i.SDCARD_ReadEnd                         0x08001bd0   Section        0  sdcard_if.o(i.SDCARD_ReadEnd)
    i.SDCARD_ReadR1                          0x08001c2c   Section        0  sdcard_if.o(i.SDCARD_ReadR1)
    i.SDCARD_WaitDataToken                   0x08001c66   Section        0  sdcard_if.o(i.SDCARD_WaitDataToken)
    i.SDCARD_WaitNotBusy                     0x08001cac   Section        0  sdcard_if.o(i.SDCARD_WaitNotBusy)
    i.SDCARD_WriteBegin                      0x08001ce4   Section        0  sdcard_if.o(i.SDCARD_WriteBegin)
    i.SDCARD_WriteData                       0x08001d54   Section        0  sdcard_if.o(i.SDCARD_WriteData)
    i.SDCARD_WriteEnd                        0x08001dcc   Section        0  sdcard_if.o(i.SDCARD_WriteEnd)
    i.SVC_Handler                            0x08001e0e   Section        0  stm32wbxx_it.o(i.SVC_Handler)
    i.SysTick_Handler                        0x08001e10   Section        0  stm32wbxx_it.o(i.SysTick_Handler)
    i.SystemClock_Config                     0x08001e14   Section        0  main.o(i.SystemClock_Config)
    i.SystemInit                             0x08001ec0   Section        0  system_stm32wbxx.o(i.SystemInit)
    i.USER_ICP_CheckCondition                0x08001f24   Section        0  sd_override_functions.o(i.USER_ICP_CheckCondition)
    i.USER_ICP_ConditionValidation           0x08001f30   Section        0  sd_override_functions.o(i.USER_ICP_ConditionValidation)
    i.USER_ICP_ResetCondition                0x08001f44   Section        0  sd_override_functions.o(i.USER_ICP_ResetCondition)
    i.USER_Return_uSD_Status                 0x08001f5c   Section        0  sd_override_functions.o(i.USER_Return_uSD_Status)
    i.USER_SDCARD_Select                     0x08001f7c   Section        0  sd_override_functions.o(i.USER_SDCARD_Select)
    i.USER_SDCARD_Unselect                   0x08001f8a   Section        0  sd_override_functions.o(i.USER_SDCARD_Unselect)
    i.USER_SDCARD_isAvailable                0x08001f98   Section        0  sd_override_functions.o(i.USER_SDCARD_isAvailable)
    i.USER_SDCARD_isInitialisedCallback      0x08001fa4   Section        0  sd_override_functions.o(i.USER_SDCARD_isInitialisedCallback)
    i.USER_SPI_Transmit                      0x08001fb0   Section        0  sd_override_functions.o(i.USER_SPI_Transmit)
    i.USER_SPI_TransmitReceive               0x08001ff4   Section        0  sd_override_functions.o(i.USER_SPI_TransmitReceive)
    i.UsageFault_Handler                     0x08002044   Section        0  stm32wbxx_it.o(i.UsageFault_Handler)
    i.__NVIC_SetPriority                     0x08002046   Section        0  stm32wbxx_hal_cortex.o(i.__NVIC_SetPriority)
    __NVIC_SetPriority                       0x08002047   Thumb Code    32  stm32wbxx_hal_cortex.o(i.__NVIC_SetPriority)
    i.___dummyDelay                          0x08002068   Section        0  tim16_driver_functions.o(i.___dummyDelay)
    ___dummyDelay                            0x08002069   Thumb Code    10  tim16_driver_functions.o(i.___dummyDelay)
    i.___tim16_updatePscArrCntRegisters      0x08002078   Section        0  tim16_driver_functions.o(i.___tim16_updatePscArrCntRegisters)
    ___tim16_updatePscArrCntRegisters        0x08002079   Thumb Code    38  tim16_driver_functions.o(i.___tim16_updatePscArrCntRegisters)
    i.__scatterload_copy                     0x080020a4   Section       14  handlers.o(i.__scatterload_copy)
    i.__scatterload_null                     0x080020b2   Section        2  handlers.o(i.__scatterload_null)
    i.__scatterload_zeroinit                 0x080020b4   Section       14  handlers.o(i.__scatterload_zeroinit)
    i.__tim16_hasCounted_clearUIFflag        0x080020c4   Section        0  tim16_driver_functions.o(i.__tim16_hasCounted_clearUIFflag)
    i.__tim16_initTimer                      0x080020dc   Section        0  tim16_driver_functions.o(i.__tim16_initTimer)
    i.__tim16_isCounting                     0x08002118   Section        0  tim16_driver_functions.o(i.__tim16_isCounting)
    i.__tim16_setCounterValue                0x08002128   Section        0  tim16_driver_functions.o(i.__tim16_setCounterValue)
    i.__tim16_setPrescalerValue              0x08002144   Section        0  tim16_driver_functions.o(i.__tim16_setPrescalerValue)
    i.__tim16_startTimer                     0x08002150   Section        0  tim16_driver_functions.o(i.__tim16_startTimer)
    i.__tim16_stopTimer                      0x08002160   Section        0  tim16_driver_functions.o(i.__tim16_stopTimer)
    i.__uSD_isAvailable                      0x08002170   Section        0  usd_driver_functions.o(i.__uSD_isAvailable)
    i._init_tim16_subsystem                  0x08002180   Section        0  tim16_subsystem.o(i._init_tim16_subsystem)
    i._init_uSD_subsystem                    0x080021bc   Section        0  usd_subsystem.o(i._init_uSD_subsystem)
    i.check_fs                               0x080021cc   Section        0  ff.o(i.check_fs)
    check_fs                                 0x080021cd   Thumb Code   160  ff.o(i.check_fs)
    i.chk_chr                                0x08002278   Section        0  ff.o(i.chk_chr)
    chk_chr                                  0x08002279   Thumb Code    16  ff.o(i.chk_chr)
    i.clst2sect                              0x08002288   Section        0  ff.o(i.clst2sect)
    clst2sect                                0x08002289   Thumb Code    24  ff.o(i.clst2sect)
    i.cmp_lfn                                0x080022a0   Section        0  ff.o(i.cmp_lfn)
    cmp_lfn                                  0x080022a1   Thumb Code   124  ff.o(i.cmp_lfn)
    i.create_chain                           0x08002320   Section        0  ff.o(i.create_chain)
    create_chain                             0x08002321   Thumb Code   218  ff.o(i.create_chain)
    i.create_name                            0x080023fc   Section        0  ff.o(i.create_name)
    create_name                              0x080023fd   Thumb Code   560  ff.o(i.create_name)
    i.dbc_1st                                0x08002644   Section        0  ff.o(i.dbc_1st)
    dbc_1st                                  0x08002645   Thumb Code     8  ff.o(i.dbc_1st)
    i.dir_clear                              0x0800264c   Section        0  ff.o(i.dir_clear)
    dir_clear                                0x0800264d   Thumb Code    90  ff.o(i.dir_clear)
    i.dir_find                               0x080026a6   Section        0  ff.o(i.dir_find)
    dir_find                                 0x080026a7   Thumb Code   190  ff.o(i.dir_find)
    i.dir_next                               0x08002764   Section        0  ff.o(i.dir_next)
    dir_next                                 0x08002765   Thumb Code   174  ff.o(i.dir_next)
    i.dir_read                               0x08002812   Section        0  ff.o(i.dir_read)
    dir_read                                 0x08002813   Thumb Code   182  ff.o(i.dir_read)
    i.dir_register                           0x080028c8   Section        0  ff.o(i.dir_register)
    dir_register                             0x080028c9   Thumb Code   480  ff.o(i.dir_register)
    i.dir_remove                             0x08002aac   Section        0  ff.o(i.dir_remove)
    dir_remove                               0x08002aad   Thumb Code    78  ff.o(i.dir_remove)
    i.dir_sdi                                0x08002afa   Section        0  ff.o(i.dir_sdi)
    dir_sdi                                  0x08002afb   Thumb Code   130  ff.o(i.dir_sdi)
    i.disk_initialize                        0x08002b7c   Section        0  diskio.o(i.disk_initialize)
    i.disk_ioctl                             0x08002b8e   Section        0  diskio.o(i.disk_ioctl)
    i.disk_read                              0x08002b98   Section        0  diskio.o(i.disk_read)
    i.disk_status                            0x08002bce   Section        0  diskio.o(i.disk_status)
    i.disk_write                             0x08002bd2   Section        0  diskio.o(i.disk_write)
    i.eraseFlash                             0x08002c08   Section        0  main.o(i.eraseFlash)
    i.eternalFlashing                        0x08002c4c   Section        0  main.o(i.eternalFlashing)
    i.eternalFlashing_FMW_DOWNLOAD_ERROR     0x08002c74   Section        0  main.o(i.eternalFlashing_FMW_DOWNLOAD_ERROR)
    i.f_close                                0x08002ca8   Section        0  ff.o(i.f_close)
    i.f_findfirst                            0x08002cc6   Section        0  ff.o(i.f_findfirst)
    i.f_findnext                             0x08002ce6   Section        0  ff.o(i.f_findnext)
    i.f_gets                                 0x08002d1a   Section        0  ff.o(i.f_gets)
    i.f_mount                                0x08002d64   Section        0  ff.o(i.f_mount)
    i.f_open                                 0x08002dac   Section        0  ff.o(i.f_open)
    i.f_opendir                              0x08002f60   Section        0  ff.o(i.f_opendir)
    i.f_read                                 0x08002fc2   Section        0  ff.o(i.f_read)
    i.f_readdir                              0x08003106   Section        0  ff.o(i.f_readdir)
    i.f_sync                                 0x08003148   Section        0  ff.o(i.f_sync)
    i.f_unlink                               0x080031d8   Section        0  ff.o(i.f_unlink)
    i.f_write                                0x0800326a   Section        0  ff.o(i.f_write)
    i.ff_oem2uni                             0x080033ec   Section        0  ffunicode.o(i.ff_oem2uni)
    i.ff_uni2oem                             0x0800341c   Section        0  ffunicode.o(i.ff_uni2oem)
    i.ff_wtoupper                            0x08003458   Section        0  ffunicode.o(i.ff_wtoupper)
    i.follow_path                            0x080034e0   Section        0  ff.o(i.follow_path)
    follow_path                              0x080034e1   Thumb Code   118  ff.o(i.follow_path)
    i.gen_numname                            0x08003558   Section        0  ff.o(i.gen_numname)
    gen_numname                              0x08003559   Thumb Code   140  ff.o(i.gen_numname)
    i.get_achar                              0x080035e8   Section        0  ff.o(i.get_achar)
    get_achar                                0x080035e9   Thumb Code    32  ff.o(i.get_achar)
    i.get_fat                                0x0800360c   Section        0  ff.o(i.get_fat)
    get_fat                                  0x0800360d   Thumb Code   190  ff.o(i.get_fat)
    i.get_fileinfo                           0x080036ca   Section        0  ff.o(i.get_fileinfo)
    get_fileinfo                             0x080036cb   Thumb Code   336  ff.o(i.get_fileinfo)
    i.get_ldnumber                           0x0800381c   Section        0  ff.o(i.get_ldnumber)
    get_ldnumber                             0x0800381d   Thumb Code    56  ff.o(i.get_ldnumber)
    i.ihc_getbyte                            0x08003854   Section        0  ihc.o(i.ihc_getbyte)
    ihc_getbyte                              0x08003855   Thumb Code    30  ihc.o(i.ihc_getbyte)
    i.isAppAvailable                         0x08003874   Section        0  main.o(i.isAppAvailable)
    i.jumpToApplication                      0x08003884   Section        0  main.o(i.jumpToApplication)
    i.ld_clust                               0x080038a0   Section        0  ff.o(i.ld_clust)
    ld_clust                                 0x080038a1   Thumb Code    38  ff.o(i.ld_clust)
    i.ld_dword                               0x080038c6   Section        0  ff.o(i.ld_dword)
    ld_dword                                 0x080038c7   Thumb Code    22  ff.o(i.ld_dword)
    i.ld_word                                0x080038dc   Section        0  ff.o(i.ld_word)
    ld_word                                  0x080038dd   Thumb Code    10  ff.o(i.ld_word)
    i.main                                   0x080038e8   Section        0  main.o(i.main)
    i.mem_cmp                                0x08003c24   Section        0  ff.o(i.mem_cmp)
    mem_cmp                                  0x08003c25   Thumb Code    26  ff.o(i.mem_cmp)
    i.mem_cpy                                0x08003c3e   Section        0  ff.o(i.mem_cpy)
    mem_cpy                                  0x08003c3f   Thumb Code    18  ff.o(i.mem_cpy)
    i.mem_set                                0x08003c50   Section        0  ff.o(i.mem_set)
    mem_set                                  0x08003c51   Thumb Code    14  ff.o(i.mem_set)
    i.mount_volume                           0x08003c60   Section        0  ff.o(i.mount_volume)
    mount_volume                             0x08003c61   Thumb Code   576  ff.o(i.mount_volume)
    i.move_window                            0x08003eb4   Section        0  ff.o(i.move_window)
    move_window                              0x08003eb5   Thumb Code    50  ff.o(i.move_window)
    i.pattern_match                          0x08003ee6   Section        0  ff.o(i.pattern_match)
    pattern_match                            0x08003ee7   Thumb Code   158  ff.o(i.pattern_match)
    i.pick_lfn                               0x08003f84   Section        0  ff.o(i.pick_lfn)
    pick_lfn                                 0x08003f85   Thumb Code   112  ff.o(i.pick_lfn)
    i.put_fat                                0x08003ff8   Section        0  ff.o(i.put_fat)
    put_fat                                  0x08003ff9   Thumb Code   234  ff.o(i.put_fat)
    i.remove_chain                           0x080040e2   Section        0  ff.o(i.remove_chain)
    remove_chain                             0x080040e3   Thumb Code   116  ff.o(i.remove_chain)
    i.st_clust                               0x08004156   Section        0  ff.o(i.st_clust)
    st_clust                                 0x08004157   Thumb Code    40  ff.o(i.st_clust)
    i.st_dword                               0x0800417e   Section        0  ff.o(i.st_dword)
    st_dword                                 0x0800417f   Thumb Code    16  ff.o(i.st_dword)
    i.st_word                                0x0800418e   Section        0  ff.o(i.st_word)
    st_word                                  0x0800418f   Thumb Code     8  ff.o(i.st_word)
    i.sum_sfn                                0x08004196   Section        0  ff.o(i.sum_sfn)
    sum_sfn                                  0x08004197   Thumb Code    26  ff.o(i.sum_sfn)
    i.sync_fs                                0x080041b0   Section        0  ff.o(i.sync_fs)
    sync_fs                                  0x080041b1   Thumb Code   126  ff.o(i.sync_fs)
    i.sync_window                            0x08004238   Section        0  ff.o(i.sync_window)
    sync_window                              0x08004239   Thumb Code    70  ff.o(i.sync_window)
    i.turnOffSPI                             0x08004280   Section        0  main.o(i.turnOffSPI)
    i.validate                               0x0800429c   Section        0  ff.o(i.validate)
    validate                                 0x0800429d   Thumb Code    52  ff.o(i.validate)
    .constdata                               0x080042d0   Section      141  ff.o(.constdata)
    LfnOfs                                   0x080042d0   Data          13  ff.o(.constdata)
    ExCvt                                    0x080042dd   Data         128  ff.o(.constdata)
    .constdata                               0x0800435e   Section      942  ffunicode.o(.constdata)
    uc437                                    0x0800435e   Data         256  ffunicode.o(.constdata)
    cvt1                                     0x0800445e   Data         498  ffunicode.o(.constdata)
    cvt2                                     0x08004650   Data         188  ffunicode.o(.constdata)
    .constdata                               0x0800470c   Section       44  stm32wbxx_hal_rcc.o(.constdata)
    .constdata                               0x08004738   Section      128  system_stm32wbxx.o(.constdata)
    .data                                    0x20000004   Section        1  tim16_driver_functions.o(.data)
    ___dumm                                  0x20000004   Data           1  tim16_driver_functions.o(.data)
    .data                                    0x20000008   Section        8  ff.o(.data)
    Fsid                                     0x20000008   Data           2  ff.o(.data)
    FatFs                                    0x2000000c   Data           4  ff.o(.data)
    .data                                    0x20000010   Section       12  stm32wbxx_hal.o(.data)
    .data                                    0x2000001c   Section        4  system_stm32wbxx.o(.data)
    .bss                                     0x20000020   Section      100  main.o(.bss)
    .bss                                     0x20000084   Section       36  system.o(.bss)
    .bss                                     0x200000a8   Section      512  ff.o(.bss)
    LfnBuf                                   0x200000a8   Data         512  ff.o(.bss)
    .bss                                     0x200002a8   Section       24  stm32wbxx_hal_flash.o(.bss)
    STACK                                    0x200002c0   Section    65536  startup_stm32wb55xx_cm4.o(STACK)

    Global Symbols

    Symbol Name                              Value     Ov Type        Size  Object(Section)

    BuildAttributes$$THM_ISAv4$E$P$D$K$B$S$7EM$VFPi3$EXTD16$VFPS$VFMA$PE$A:L22UL41UL21$X:L11$S22US41US21$IEEE1$IW$USESV6$~STKCKD$USESV7$~SHL$OSPACE$EBA8$MICROLIB$REQ8$PRES8$EABIv2 0x00000000   Number         0  anon$$obj.o ABSOLUTE
    __ARM_use_no_argv                        0x00000000   Number         0  main.o ABSOLUTE
    __cpp_initialize__aeabi_                  - Undefined Weak Reference
    __cxa_finalize                            - Undefined Weak Reference
    __decompress                              - Undefined Weak Reference
    _clock_init                               - Undefined Weak Reference
    _microlib_exit                            - Undefined Weak Reference
    __Vectors_Size                           0x0000013c   Number         0  startup_stm32wb55xx_cm4.o ABSOLUTE
    __Vectors                                0x08000000   Data           4  startup_stm32wb55xx_cm4.o(RESET)
    __Vectors_End                            0x0800013c   Data           0  startup_stm32wb55xx_cm4.o(RESET)
    __main                                   0x0800013d   Thumb Code     0  entry.o(.ARM.Collect$$$$00000000)
    _main_stk                                0x0800013d   Thumb Code     0  entry2.o(.ARM.Collect$$$$00000001)
    _main_scatterload                        0x08000141   Thumb Code     0  entry5.o(.ARM.Collect$$$$00000004)
    __main_after_scatterload                 0x08000145   Thumb Code     0  entry5.o(.ARM.Collect$$$$00000004)
    _main_clock                              0x08000145   Thumb Code     0  entry7b.o(.ARM.Collect$$$$00000008)
    _main_cpp_init                           0x08000145   Thumb Code     0  entry8b.o(.ARM.Collect$$$$0000000A)
    _main_init                               0x08000145   Thumb Code     0  entry9a.o(.ARM.Collect$$$$0000000B)
    __rt_final_cpp                           0x0800014d   Thumb Code     0  entry10a.o(.ARM.Collect$$$$0000000D)
    __rt_final_exit                          0x0800014d   Thumb Code     0  entry11a.o(.ARM.Collect$$$$0000000F)
    Reset_Handler                            0x08000151   Thumb Code     8  startup_stm32wb55xx_cm4.o(.text)
    ADC1_IRQHandler                          0x0800016b   Thumb Code     0  startup_stm32wb55xx_cm4.o(.text)
    AES1_IRQHandler                          0x0800016b   Thumb Code     0  startup_stm32wb55xx_cm4.o(.text)
    AES2_IRQHandler                          0x0800016b   Thumb Code     0  startup_stm32wb55xx_cm4.o(.text)
    C2SEV_PWR_C2H_IRQHandler                 0x0800016b   Thumb Code     0  startup_stm32wb55xx_cm4.o(.text)
    COMP_IRQHandler                          0x0800016b   Thumb Code     0  startup_stm32wb55xx_cm4.o(.text)
    CRS_IRQHandler                           0x0800016b   Thumb Code     0  startup_stm32wb55xx_cm4.o(.text)
    DMA1_Channel1_IRQHandler                 0x0800016b   Thumb Code     0  startup_stm32wb55xx_cm4.o(.text)
    DMA1_Channel2_IRQHandler                 0x0800016b   Thumb Code     0  startup_stm32wb55xx_cm4.o(.text)
    DMA1_Channel3_IRQHandler                 0x0800016b   Thumb Code     0  startup_stm32wb55xx_cm4.o(.text)
    DMA1_Channel4_IRQHandler                 0x0800016b   Thumb Code     0  startup_stm32wb55xx_cm4.o(.text)
    DMA1_Channel5_IRQHandler                 0x0800016b   Thumb Code     0  startup_stm32wb55xx_cm4.o(.text)
    DMA1_Channel6_IRQHandler                 0x0800016b   Thumb Code     0  startup_stm32wb55xx_cm4.o(.text)
    DMA1_Channel7_IRQHandler                 0x0800016b   Thumb Code     0  startup_stm32wb55xx_cm4.o(.text)
    DMA2_Channel1_IRQHandler                 0x0800016b   Thumb Code     0  startup_stm32wb55xx_cm4.o(.text)
    DMA2_Channel2_IRQHandler                 0x0800016b   Thumb Code     0  startup_stm32wb55xx_cm4.o(.text)
    DMA2_Channel3_IRQHandler                 0x0800016b   Thumb Code     0  startup_stm32wb55xx_cm4.o(.text)
    DMA2_Channel4_IRQHandler                 0x0800016b   Thumb Code     0  startup_stm32wb55xx_cm4.o(.text)
    DMA2_Channel5_IRQHandler                 0x0800016b   Thumb Code     0  startup_stm32wb55xx_cm4.o(.text)
    DMA2_Channel6_IRQHandler                 0x0800016b   Thumb Code     0  startup_stm32wb55xx_cm4.o(.text)
    DMA2_Channel7_IRQHandler                 0x0800016b   Thumb Code     0  startup_stm32wb55xx_cm4.o(.text)
    DMAMUX1_OVR_IRQHandler                   0x0800016b   Thumb Code     0  startup_stm32wb55xx_cm4.o(.text)
    EXTI0_IRQHandler                         0x0800016b   Thumb Code     0  startup_stm32wb55xx_cm4.o(.text)
    EXTI15_10_IRQHandler                     0x0800016b   Thumb Code     0  startup_stm32wb55xx_cm4.o(.text)
    EXTI1_IRQHandler                         0x0800016b   Thumb Code     0  startup_stm32wb55xx_cm4.o(.text)
    EXTI2_IRQHandler                         0x0800016b   Thumb Code     0  startup_stm32wb55xx_cm4.o(.text)
    EXTI3_IRQHandler                         0x0800016b   Thumb Code     0  startup_stm32wb55xx_cm4.o(.text)
    EXTI4_IRQHandler                         0x0800016b   Thumb Code     0  startup_stm32wb55xx_cm4.o(.text)
    EXTI9_5_IRQHandler                       0x0800016b   Thumb Code     0  startup_stm32wb55xx_cm4.o(.text)
    FLASH_IRQHandler                         0x0800016b   Thumb Code     0  startup_stm32wb55xx_cm4.o(.text)
    FPU_IRQHandler                           0x0800016b   Thumb Code     0  startup_stm32wb55xx_cm4.o(.text)
    HSEM_IRQHandler                          0x0800016b   Thumb Code     0  startup_stm32wb55xx_cm4.o(.text)
    I2C1_ER_IRQHandler                       0x0800016b   Thumb Code     0  startup_stm32wb55xx_cm4.o(.text)
    I2C1_EV_IRQHandler                       0x0800016b   Thumb Code     0  startup_stm32wb55xx_cm4.o(.text)
    I2C3_ER_IRQHandler                       0x0800016b   Thumb Code     0  startup_stm32wb55xx_cm4.o(.text)
    I2C3_EV_IRQHandler                       0x0800016b   Thumb Code     0  startup_stm32wb55xx_cm4.o(.text)
    IPCC_C1_RX_IRQHandler                    0x0800016b   Thumb Code     0  startup_stm32wb55xx_cm4.o(.text)
    IPCC_C1_TX_IRQHandler                    0x0800016b   Thumb Code     0  startup_stm32wb55xx_cm4.o(.text)
    LCD_IRQHandler                           0x0800016b   Thumb Code     0  startup_stm32wb55xx_cm4.o(.text)
    LPTIM1_IRQHandler                        0x0800016b   Thumb Code     0  startup_stm32wb55xx_cm4.o(.text)
    LPTIM2_IRQHandler                        0x0800016b   Thumb Code     0  startup_stm32wb55xx_cm4.o(.text)
    LPUART1_IRQHandler                       0x0800016b   Thumb Code     0  startup_stm32wb55xx_cm4.o(.text)
    PKA_IRQHandler                           0x0800016b   Thumb Code     0  startup_stm32wb55xx_cm4.o(.text)
    PVD_PVM_IRQHandler                       0x0800016b   Thumb Code     0  startup_stm32wb55xx_cm4.o(.text)
    PWR_SOTF_BLEACT_802ACT_RFPHASE_IRQHandler 0x0800016b   Thumb Code     0  startup_stm32wb55xx_cm4.o(.text)
    QUADSPI_IRQHandler                       0x0800016b   Thumb Code     0  startup_stm32wb55xx_cm4.o(.text)
    RCC_IRQHandler                           0x0800016b   Thumb Code     0  startup_stm32wb55xx_cm4.o(.text)
    RNG_IRQHandler                           0x0800016b   Thumb Code     0  startup_stm32wb55xx_cm4.o(.text)
    RTC_Alarm_IRQHandler                     0x0800016b   Thumb Code     0  startup_stm32wb55xx_cm4.o(.text)
    RTC_WKUP_IRQHandler                      0x0800016b   Thumb Code     0  startup_stm32wb55xx_cm4.o(.text)
    SAI1_IRQHandler                          0x0800016b   Thumb Code     0  startup_stm32wb55xx_cm4.o(.text)
    SPI1_IRQHandler                          0x0800016b   Thumb Code     0  startup_stm32wb55xx_cm4.o(.text)
    SPI2_IRQHandler                          0x0800016b   Thumb Code     0  startup_stm32wb55xx_cm4.o(.text)
    TAMP_STAMP_LSECSS_IRQHandler             0x0800016b   Thumb Code     0  startup_stm32wb55xx_cm4.o(.text)
    TIM1_BRK_IRQHandler                      0x0800016b   Thumb Code     0  startup_stm32wb55xx_cm4.o(.text)
    TIM1_CC_IRQHandler                       0x0800016b   Thumb Code     0  startup_stm32wb55xx_cm4.o(.text)
    TIM1_TRG_COM_TIM17_IRQHandler            0x0800016b   Thumb Code     0  startup_stm32wb55xx_cm4.o(.text)
    TIM1_UP_TIM16_IRQHandler                 0x0800016b   Thumb Code     0  startup_stm32wb55xx_cm4.o(.text)
    TIM2_IRQHandler                          0x0800016b   Thumb Code     0  startup_stm32wb55xx_cm4.o(.text)
    TSC_IRQHandler                           0x0800016b   Thumb Code     0  startup_stm32wb55xx_cm4.o(.text)
    USART1_IRQHandler                        0x0800016b   Thumb Code     0  startup_stm32wb55xx_cm4.o(.text)
    USB_HP_IRQHandler                        0x0800016b   Thumb Code     0  startup_stm32wb55xx_cm4.o(.text)
    USB_LP_IRQHandler                        0x0800016b   Thumb Code     0  startup_stm32wb55xx_cm4.o(.text)
    WWDG_IRQHandler                          0x0800016b   Thumb Code     0  startup_stm32wb55xx_cm4.o(.text)
    __aeabi_memcpy                           0x08000175   Thumb Code    36  memcpya.o(.text)
    __aeabi_memcpy4                          0x08000175   Thumb Code     0  memcpya.o(.text)
    __aeabi_memcpy8                          0x08000175   Thumb Code     0  memcpya.o(.text)
    __aeabi_memset                           0x08000199   Thumb Code    14  memseta.o(.text)
    __aeabi_memset4                          0x08000199   Thumb Code     0  memseta.o(.text)
    __aeabi_memset8                          0x08000199   Thumb Code     0  memseta.o(.text)
    __aeabi_memclr                           0x080001a7   Thumb Code     4  memseta.o(.text)
    __aeabi_memclr4                          0x080001a7   Thumb Code     0  memseta.o(.text)
    __aeabi_memclr8                          0x080001a7   Thumb Code     0  memseta.o(.text)
    _memset$wrapper                          0x080001ab   Thumb Code    18  memseta.o(.text)
    __scatterload                            0x080001bd   Thumb Code    28  init.o(.text)
    __scatterload_rt2                        0x080001bd   Thumb Code     0  init.o(.text)
    BusFault_Handler                         0x080001f3   Thumb Code     2  stm32wbxx_it.o(i.BusFault_Handler)
    DebugMon_Handler                         0x080001f5   Thumb Code     2  stm32wbxx_it.o(i.DebugMon_Handler)
    FLASH_PageErase                          0x0800024d   Thumb Code    20  stm32wbxx_hal_flash_ex.o(i.FLASH_PageErase)
    FLASH_WaitForLastOperation               0x080002b9   Thumb Code   100  stm32wbxx_hal_flash.o(i.FLASH_WaitForLastOperation)
    HAL_Delay                                0x08000325   Thumb Code    32  stm32wbxx_hal.o(i.HAL_Delay)
    HAL_FLASHEx_AllowOperation               0x08000349   Thumb Code    12  stm32wbxx_hal_flash_ex.o(i.HAL_FLASHEx_AllowOperation)
    HAL_FLASHEx_Erase                        0x08000359   Thumb Code   122  stm32wbxx_hal_flash_ex.o(i.HAL_FLASHEx_Erase)
    HAL_FLASH_Lock                           0x080003dd   Thumb Code    22  stm32wbxx_hal_flash.o(i.HAL_FLASH_Lock)
    HAL_FLASH_Program                        0x080003f9   Thumb Code    90  stm32wbxx_hal_flash.o(i.HAL_FLASH_Program)
    HAL_FLASH_Unlock                         0x0800045d   Thumb Code    28  stm32wbxx_hal_flash.o(i.HAL_FLASH_Unlock)
    HAL_GPIO_Init                            0x08000485   Thumb Code   394  stm32wbxx_hal_gpio.o(i.HAL_GPIO_Init)
    HAL_GPIO_WritePin                        0x08000629   Thumb Code    10  stm32wbxx_hal_gpio.o(i.HAL_GPIO_WritePin)
    HAL_GetTick                              0x08000635   Thumb Code     6  stm32wbxx_hal.o(i.HAL_GetTick)
    HAL_GetTickPrio                          0x08000641   Thumb Code     6  stm32wbxx_hal.o(i.HAL_GetTickPrio)
    HAL_IncTick                              0x0800064d   Thumb Code    12  stm32wbxx_hal.o(i.HAL_IncTick)
    HAL_Init                                 0x0800065d   Thumb Code    40  stm32wbxx_hal.o(i.HAL_Init)
    HAL_InitTick                             0x08000689   Thumb Code    60  stm32wbxx_hal.o(i.HAL_InitTick)
    HAL_MspInit                              0x080006c9   Thumb Code    38  stm32wbxx_hal_msp.o(i.HAL_MspInit)
    HAL_NVIC_SetPriority                     0x080006f1   Thumb Code    60  stm32wbxx_hal_cortex.o(i.HAL_NVIC_SetPriority)
    HAL_NVIC_SetPriorityGrouping             0x08000731   Thumb Code    26  stm32wbxx_hal_cortex.o(i.HAL_NVIC_SetPriorityGrouping)
    HAL_PWREx_GetVoltageRange                0x08000755   Thumb Code    10  stm32wbxx_hal_pwr_ex.o(i.HAL_PWREx_GetVoltageRange)
    HAL_PWR_EnableBkUpAccess                 0x08000765   Thumb Code    12  stm32wbxx_hal_pwr.o(i.HAL_PWR_EnableBkUpAccess)
    HAL_RCCEx_PeriphCLKConfig                0x08000775   Thumb Code   530  stm32wbxx_hal_rcc_ex.o(i.HAL_RCCEx_PeriphCLKConfig)
    HAL_RCC_ClockConfig                      0x08000989   Thumb Code   496  stm32wbxx_hal_rcc.o(i.HAL_RCC_ClockConfig)
    HAL_RCC_GetHCLKFreq                      0x08000b81   Thumb Code    30  stm32wbxx_hal_rcc.o(i.HAL_RCC_GetHCLKFreq)
    HAL_RCC_GetSysClockFreq                  0x08000ba5   Thumb Code   140  stm32wbxx_hal_rcc.o(i.HAL_RCC_GetSysClockFreq)
    HAL_RCC_OscConfig                        0x08000c39   Thumb Code  1406  stm32wbxx_hal_rcc.o(i.HAL_RCC_OscConfig)
    HAL_SPI_Init                             0x080011bd   Thumb Code   224  stm32wbxx_hal_spi.o(i.HAL_SPI_Init)
    HAL_SPI_MspInit                          0x0800129d   Thumb Code    90  stm32wbxx_hal_msp.o(i.HAL_SPI_MspInit)
    HAL_SYSTICK_Config                       0x080012fd   Thumb Code    40  stm32wbxx_hal_cortex.o(i.HAL_SYSTICK_Config)
    HardFault_Handler                        0x08001325   Thumb Code     2  stm32wbxx_it.o(i.HardFault_Handler)
    IH_ProcessString                         0x08001329   Thumb Code   438  ihc.o(i.IH_ProcessString)
    InitSystemStructure                      0x080014e1   Thumb Code    20  system.o(i.InitSystemStructure)
    MemManage_Handler                        0x080016f9   Thumb Code     2  stm32wbxx_it.o(i.MemManage_Handler)
    NMI_Handler                              0x080016fb   Thumb Code     2  stm32wbxx_it.o(i.NMI_Handler)
    PendSV_Handler                           0x080016fd   Thumb Code     2  stm32wbxx_it.o(i.PendSV_Handler)
    SDCARD_Init                              0x08001939   Thumb Code   372  sdcard_if.o(i.SDCARD_Init)
    SDCARD_ReadBegin                         0x08001ad5   Thumb Code   102  sdcard_if.o(i.SDCARD_ReadBegin)
    SDCARD_ReadBytes                         0x08001b45   Thumb Code    46  sdcard_if.o(i.SDCARD_ReadBytes)
    SDCARD_ReadData                          0x08001b73   Thumb Code    94  sdcard_if.o(i.SDCARD_ReadData)
    SDCARD_ReadEnd                           0x08001bd1   Thumb Code    82  sdcard_if.o(i.SDCARD_ReadEnd)
    SDCARD_ReadR1                            0x08001c2d   Thumb Code    58  sdcard_if.o(i.SDCARD_ReadR1)
    SDCARD_WaitDataToken                     0x08001c67   Thumb Code    70  sdcard_if.o(i.SDCARD_WaitDataToken)
    SDCARD_WaitNotBusy                       0x08001cad   Thumb Code    54  sdcard_if.o(i.SDCARD_WaitNotBusy)
    SDCARD_WriteBegin                        0x08001ce5   Thumb Code   102  sdcard_if.o(i.SDCARD_WriteBegin)
    SDCARD_WriteData                         0x08001d55   Thumb Code   114  sdcard_if.o(i.SDCARD_WriteData)
    SDCARD_WriteEnd                          0x08001dcd   Thumb Code    66  sdcard_if.o(i.SDCARD_WriteEnd)
    SVC_Handler                              0x08001e0f   Thumb Code     2  stm32wbxx_it.o(i.SVC_Handler)
    SysTick_Handler                          0x08001e11   Thumb Code     4  stm32wbxx_it.o(i.SysTick_Handler)
    SystemClock_Config                       0x08001e15   Thumb Code   168  main.o(i.SystemClock_Config)
    SystemInit                               0x08001ec1   Thumb Code    86  system_stm32wbxx.o(i.SystemInit)
    USER_ICP_CheckCondition                  0x08001f25   Thumb Code     6  sd_override_functions.o(i.USER_ICP_CheckCondition)
    USER_ICP_ConditionValidation             0x08001f31   Thumb Code    16  sd_override_functions.o(i.USER_ICP_ConditionValidation)
    USER_ICP_ResetCondition                  0x08001f45   Thumb Code    20  sd_override_functions.o(i.USER_ICP_ResetCondition)
    USER_Return_uSD_Status                   0x08001f5d   Thumb Code    26  sd_override_functions.o(i.USER_Return_uSD_Status)
    USER_SDCARD_Select                       0x08001f7d   Thumb Code    14  sd_override_functions.o(i.USER_SDCARD_Select)
    USER_SDCARD_Unselect                     0x08001f8b   Thumb Code    14  sd_override_functions.o(i.USER_SDCARD_Unselect)
    USER_SDCARD_isAvailable                  0x08001f99   Thumb Code     6  sd_override_functions.o(i.USER_SDCARD_isAvailable)
    USER_SDCARD_isInitialisedCallback        0x08001fa5   Thumb Code     8  sd_override_functions.o(i.USER_SDCARD_isInitialisedCallback)
    USER_SPI_Transmit                        0x08001fb1   Thumb Code    64  sd_override_functions.o(i.USER_SPI_Transmit)
    USER_SPI_TransmitReceive                 0x08001ff5   Thumb Code    74  sd_override_functions.o(i.USER_SPI_TransmitReceive)
    UsageFault_Handler                       0x08002045   Thumb Code     2  stm32wbxx_it.o(i.UsageFault_Handler)
    __scatterload_copy                       0x080020a5   Thumb Code    14  handlers.o(i.__scatterload_copy)
    __scatterload_null                       0x080020b3   Thumb Code     2  handlers.o(i.__scatterload_null)
    __scatterload_zeroinit                   0x080020b5   Thumb Code    14  handlers.o(i.__scatterload_zeroinit)
    __tim16_hasCounted_clearUIFflag          0x080020c5   Thumb Code    18  tim16_driver_functions.o(i.__tim16_hasCounted_clearUIFflag)
    __tim16_initTimer                        0x080020dd   Thumb Code    54  tim16_driver_functions.o(i.__tim16_initTimer)
    __tim16_isCounting                       0x08002119   Thumb Code    10  tim16_driver_functions.o(i.__tim16_isCounting)
    __tim16_setCounterValue                  0x08002129   Thumb Code    22  tim16_driver_functions.o(i.__tim16_setCounterValue)
    __tim16_setPrescalerValue                0x08002145   Thumb Code     8  tim16_driver_functions.o(i.__tim16_setPrescalerValue)
    __tim16_startTimer                       0x08002151   Thumb Code    12  tim16_driver_functions.o(i.__tim16_startTimer)
    __tim16_stopTimer                        0x08002161   Thumb Code    12  tim16_driver_functions.o(i.__tim16_stopTimer)
    __uSD_isAvailable                        0x08002171   Thumb Code    14  usd_driver_functions.o(i.__uSD_isAvailable)
    _init_tim16_subsystem                    0x08002181   Thumb Code    30  tim16_subsystem.o(i._init_tim16_subsystem)
    _init_uSD_subsystem                      0x080021bd   Thumb Code    10  usd_subsystem.o(i._init_uSD_subsystem)
    disk_initialize                          0x08002b7d   Thumb Code    18  diskio.o(i.disk_initialize)
    disk_ioctl                               0x08002b8f   Thumb Code    10  diskio.o(i.disk_ioctl)
    disk_read                                0x08002b99   Thumb Code    54  diskio.o(i.disk_read)
    disk_status                              0x08002bcf   Thumb Code     4  diskio.o(i.disk_status)
    disk_write                               0x08002bd3   Thumb Code    54  diskio.o(i.disk_write)
    eraseFlash                               0x08002c09   Thumb Code    58  main.o(i.eraseFlash)
    eternalFlashing                          0x08002c4d   Thumb Code    36  main.o(i.eternalFlashing)
    eternalFlashing_FMW_DOWNLOAD_ERROR       0x08002c75   Thumb Code    46  main.o(i.eternalFlashing_FMW_DOWNLOAD_ERROR)
    f_close                                  0x08002ca9   Thumb Code    30  ff.o(i.f_close)
    f_findfirst                              0x08002cc7   Thumb Code    32  ff.o(i.f_findfirst)
    f_findnext                               0x08002ce7   Thumb Code    52  ff.o(i.f_findnext)
    f_gets                                   0x08002d1b   Thumb Code    72  ff.o(i.f_gets)
    f_mount                                  0x08002d65   Thumb Code    66  ff.o(i.f_mount)
    f_open                                   0x08002dad   Thumb Code   432  ff.o(i.f_open)
    f_opendir                                0x08002f61   Thumb Code    98  ff.o(i.f_opendir)
    f_read                                   0x08002fc3   Thumb Code   324  ff.o(i.f_read)
    f_readdir                                0x08003107   Thumb Code    64  ff.o(i.f_readdir)
    f_sync                                   0x08003149   Thumb Code   138  ff.o(i.f_sync)
    f_unlink                                 0x080031d9   Thumb Code   146  ff.o(i.f_unlink)
    f_write                                  0x0800326b   Thumb Code   384  ff.o(i.f_write)
    ff_oem2uni                               0x080033ed   Thumb Code    42  ffunicode.o(i.ff_oem2uni)
    ff_uni2oem                               0x0800341d   Thumb Code    54  ffunicode.o(i.ff_uni2oem)
    ff_wtoupper                              0x08003459   Thumb Code   128  ffunicode.o(i.ff_wtoupper)
    isAppAvailable                           0x08003875   Thumb Code    12  main.o(i.isAppAvailable)
    jumpToApplication                        0x08003885   Thumb Code    18  main.o(i.jumpToApplication)
    main                                     0x080038e9   Thumb Code   716  main.o(i.main)
    turnOffSPI                               0x08004281   Thumb Code    24  main.o(i.turnOffSPI)
    AHBPrescTable                            0x08004738   Data          64  system_stm32wbxx.o(.constdata)
    MSIRangeTable                            0x08004778   Data          64  system_stm32wbxx.o(.constdata)
    Region$$Table$$Base                      0x080047b8   Number         0  anon$$obj.o(Region$$Table)
    Region$$Table$$Limit                     0x080047d8   Number         0  anon$$obj.o(Region$$Table)
    uwTickFreq                               0x20000010   Data           1  stm32wbxx_hal.o(.data)
    uwTickPrio                               0x20000014   Data           4  stm32wbxx_hal.o(.data)
    uwTick                                   0x20000018   Data           4  stm32wbxx_hal.o(.data)
    SystemCoreClock                          0x2000001c   Data           4  system_stm32wbxx.o(.data)
    hspi1                                    0x20000020   Data         100  main.o(.bss)
    sys                                      0x20000084   Data          36  system.o(.bss)
    pFlash                                   0x200002a8   Data          24  stm32wbxx_hal_flash.o(.bss)
    __initial_sp                             0x200102c0   Data           0  startup_stm32wb55xx_cm4.o(STACK)



==============================================================================

Memory Map of the image

  Image Entry point : 0x0800013d

  Load Region LR_IROM1 (Base: 0x08000000, Size: 0x000047f4, Max: 0x00080000, ABSOLUTE)

    Execution Region ER_IROM1 (Exec base: 0x08000000, Load base: 0x08000000, Size: 0x000047d8, Max: 0x00080000, ABSOLUTE)

    Exec Addr    Load Addr    Size         Type   Attr      Idx    E Section Name        Object

    0x08000000   0x08000000   0x0000013c   Data   RO            3    RESET               startup_stm32wb55xx_cm4.o
    0x0800013c   0x0800013c   0x00000000   Code   RO         3601  * .ARM.Collect$$$$00000000  mc_w.l(entry.o)
    0x0800013c   0x0800013c   0x00000004   Code   RO         3610    .ARM.Collect$$$$00000001  mc_w.l(entry2.o)
    0x08000140   0x08000140   0x00000004   Code   RO         3613    .ARM.Collect$$$$00000004  mc_w.l(entry5.o)
    0x08000144   0x08000144   0x00000000   Code   RO         3615    .ARM.Collect$$$$00000008  mc_w.l(entry7b.o)
    0x08000144   0x08000144   0x00000000   Code   RO         3617    .ARM.Collect$$$$0000000A  mc_w.l(entry8b.o)
    0x08000144   0x08000144   0x00000008   Code   RO         3618    .ARM.Collect$$$$0000000B  mc_w.l(entry9a.o)
    0x0800014c   0x0800014c   0x00000000   Code   RO         3620    .ARM.Collect$$$$0000000D  mc_w.l(entry10a.o)
    0x0800014c   0x0800014c   0x00000000   Code   RO         3622    .ARM.Collect$$$$0000000F  mc_w.l(entry11a.o)
    0x0800014c   0x0800014c   0x00000004   Code   RO         3611    .ARM.Collect$$$$00002712  mc_w.l(entry2.o)
    0x08000150   0x08000150   0x00000024   Code   RO            4    .text               startup_stm32wb55xx_cm4.o
    0x08000174   0x08000174   0x00000024   Code   RO         3604    .text               mc_w.l(memcpya.o)
    0x08000198   0x08000198   0x00000024   Code   RO         3606    .text               mc_w.l(memseta.o)
    0x080001bc   0x080001bc   0x00000024   Code   RO         3624    .text               mc_w.l(init.o)
    0x080001e0   0x080001e0   0x00000012   Code   RO          640    i.AsciiToHex        ihc.o
    0x080001f2   0x080001f2   0x00000002   Code   RO          240    i.BusFault_Handler  stm32wbxx_it.o
    0x080001f4   0x080001f4   0x00000002   Code   RO          241    i.DebugMon_Handler  stm32wbxx_it.o
    0x080001f6   0x080001f6   0x00000002   PAD
    0x080001f8   0x080001f8   0x00000054   Code   RO         2265    i.FLASH_FlushCaches  stm32wbxx_hal_flash_ex.o
    0x0800024c   0x0800024c   0x0000001c   Code   RO         2270    i.FLASH_PageErase   stm32wbxx_hal_flash_ex.o
    0x08000268   0x08000268   0x0000001c   Code   RO         2156    i.FLASH_Program_DoubleWord  stm32wbxx_hal_flash.o
    0x08000284   0x08000284   0x00000034   Code   RO         2157    i.FLASH_Program_Fast  stm32wbxx_hal_flash.o
    0x080002b8   0x080002b8   0x0000006c   Code   RO         2158    i.FLASH_WaitForLastOperation  stm32wbxx_hal_flash.o
    0x08000324   0x08000324   0x00000024   Code   RO         3194    i.HAL_Delay         stm32wbxx_hal.o
    0x08000348   0x08000348   0x00000010   Code   RO         2271    i.HAL_FLASHEx_AllowOperation  stm32wbxx_hal_flash_ex.o
    0x08000358   0x08000358   0x00000084   Code   RO         2272    i.HAL_FLASHEx_Erase  stm32wbxx_hal_flash_ex.o
    0x080003dc   0x080003dc   0x0000001c   Code   RO         2162    i.HAL_FLASH_Lock    stm32wbxx_hal_flash.o
    0x080003f8   0x080003f8   0x00000064   Code   RO         2167    i.HAL_FLASH_Program  stm32wbxx_hal_flash.o
    0x0800045c   0x0800045c   0x00000028   Code   RO         2169    i.HAL_FLASH_Unlock  stm32wbxx_hal_flash.o
    0x08000484   0x08000484   0x000001a4   Code   RO         2371    i.HAL_GPIO_Init     stm32wbxx_hal_gpio.o
    0x08000628   0x08000628   0x0000000a   Code   RO         2375    i.HAL_GPIO_WritePin  stm32wbxx_hal_gpio.o
    0x08000632   0x08000632   0x00000002   PAD
    0x08000634   0x08000634   0x0000000c   Code   RO         3198    i.HAL_GetTick       stm32wbxx_hal.o
    0x08000640   0x08000640   0x0000000c   Code   RO         3200    i.HAL_GetTickPrio   stm32wbxx_hal.o
    0x0800064c   0x0800064c   0x00000010   Code   RO         3204    i.HAL_IncTick       stm32wbxx_hal.o
    0x0800065c   0x0800065c   0x0000002c   Code   RO         3205    i.HAL_Init          stm32wbxx_hal.o
    0x08000688   0x08000688   0x00000040   Code   RO         3206    i.HAL_InitTick      stm32wbxx_hal.o
    0x080006c8   0x080006c8   0x00000026   Code   RO          321    i.HAL_MspInit       stm32wbxx_hal_msp.o
    0x080006ee   0x080006ee   0x00000002   PAD
    0x080006f0   0x080006f0   0x00000040   Code   RO         3068    i.HAL_NVIC_SetPriority  stm32wbxx_hal_cortex.o
    0x08000730   0x08000730   0x00000024   Code   RO         3069    i.HAL_NVIC_SetPriorityGrouping  stm32wbxx_hal_cortex.o
    0x08000754   0x08000754   0x00000010   Code   RO         2764    i.HAL_PWREx_GetVoltageRange  stm32wbxx_hal_pwr_ex.o
    0x08000764   0x08000764   0x00000010   Code   RO         2612    i.HAL_PWR_EnableBkUpAccess  stm32wbxx_hal_pwr.o
    0x08000774   0x08000774   0x00000212   Code   RO         1838    i.HAL_RCCEx_PeriphCLKConfig  stm32wbxx_hal_rcc_ex.o
    0x08000986   0x08000986   0x00000002   PAD
    0x08000988   0x08000988   0x000001f8   Code   RO         1638    i.HAL_RCC_ClockConfig  stm32wbxx_hal_rcc.o
    0x08000b80   0x08000b80   0x00000024   Code   RO         1644    i.HAL_RCC_GetHCLKFreq  stm32wbxx_hal_rcc.o
    0x08000ba4   0x08000ba4   0x00000094   Code   RO         1648    i.HAL_RCC_GetSysClockFreq  stm32wbxx_hal_rcc.o
    0x08000c38   0x08000c38   0x00000584   Code   RO         1651    i.HAL_RCC_OscConfig  stm32wbxx_hal_rcc.o
    0x080011bc   0x080011bc   0x000000e0   Code   RO         1297    i.HAL_SPI_Init      stm32wbxx_hal_spi.o
    0x0800129c   0x0800129c   0x00000060   Code   RO          323    i.HAL_SPI_MspInit   stm32wbxx_hal_msp.o
    0x080012fc   0x080012fc   0x00000028   Code   RO         3073    i.HAL_SYSTICK_Config  stm32wbxx_hal_cortex.o
    0x08001324   0x08001324   0x00000002   Code   RO          242    i.HardFault_Handler  stm32wbxx_it.o
    0x08001326   0x08001326   0x00000002   PAD
    0x08001328   0x08001328   0x000001b6   Code   RO          641    i.IH_ProcessString  ihc.o
    0x080014de   0x080014de   0x00000002   PAD
    0x080014e0   0x080014e0   0x00000018   Code   RO          360    i.InitSystemStructure  system.o
    0x080014f8   0x080014f8   0x00000014   Code   RO           14    i.LL_AHB2_GRP1_EnableClock  main.o
    0x0800150c   0x0800150c   0x0000000c   Code   RO         1653    i.LL_RCC_GetSysClkSource  stm32wbxx_hal_rcc.o
    0x08001518   0x08001518   0x0000000c   Code   RO         1654    i.LL_RCC_HSE_IsReady  stm32wbxx_hal_rcc.o
    0x08001524   0x08001524   0x0000000c   Code   RO         1655    i.LL_RCC_HSI_IsReady  stm32wbxx_hal_rcc.o
    0x08001530   0x08001530   0x00000012   Code   RO         1656    i.LL_RCC_HSI_SetCalibTrimming  stm32wbxx_hal_rcc.o
    0x08001542   0x08001542   0x0000000e   Code   RO         1848    i.LL_RCC_LSE_IsReady  stm32wbxx_hal_rcc_ex.o
    0x08001550   0x08001550   0x0000000e   Code   RO         1657    i.LL_RCC_LSI1_IsReady  stm32wbxx_hal_rcc.o
    0x0800155e   0x0800155e   0x00000012   Code   RO         1658    i.LL_RCC_MSI_GetRange  stm32wbxx_hal_rcc.o
    0x08001570   0x08001570   0x0000000c   Code   RO         1659    i.LL_RCC_MSI_IsReady  stm32wbxx_hal_rcc.o
    0x0800157c   0x0800157c   0x00000012   Code   RO         1660    i.LL_RCC_MSI_SetCalibTrimming  stm32wbxx_hal_rcc.o
    0x0800158e   0x0800158e   0x00000010   Code   RO         1661    i.LL_RCC_MSI_SetRange  stm32wbxx_hal_rcc.o
    0x0800159e   0x0800159e   0x0000000e   Code   RO         1852    i.LL_RCC_PLLSAI1_Disable  stm32wbxx_hal_rcc_ex.o
    0x080015ac   0x080015ac   0x0000000e   Code   RO         1853    i.LL_RCC_PLLSAI1_Enable  stm32wbxx_hal_rcc_ex.o
    0x080015ba   0x080015ba   0x0000000c   Code   RO         1855    i.LL_RCC_PLLSAI1_IsReady  stm32wbxx_hal_rcc_ex.o
    0x080015c6   0x080015c6   0x0000000c   Code   RO         1662    i.LL_RCC_PLL_GetMainSource  stm32wbxx_hal_rcc.o
    0x080015d2   0x080015d2   0x00000012   Code   RO         1859    i.LL_RCC_SetCLK48ClockSource  stm32wbxx_hal_rcc_ex.o
    0x080015e4   0x080015e4   0x0000001e   Code   RO         1860    i.LL_RCC_SetI2CClockSource  stm32wbxx_hal_rcc_ex.o
    0x08001602   0x08001602   0x00000016   Code   RO         1861    i.LL_RCC_SetLPTIMClockSource  stm32wbxx_hal_rcc_ex.o
    0x08001618   0x08001618   0x00000012   Code   RO         1862    i.LL_RCC_SetRNGClockSource  stm32wbxx_hal_rcc_ex.o
    0x0800162a   0x0800162a   0x00000002   PAD
    0x0800162c   0x0800162c   0x00000080   Code   RO           15    i.MX_GPIO_Init      main.o
    0x080016ac   0x080016ac   0x0000004c   Code   RO           16    i.MX_SPI1_Init      main.o
    0x080016f8   0x080016f8   0x00000002   Code   RO          243    i.MemManage_Handler  stm32wbxx_it.o
    0x080016fa   0x080016fa   0x00000002   Code   RO          244    i.NMI_Handler       stm32wbxx_it.o
    0x080016fc   0x080016fc   0x00000002   Code   RO          245    i.PendSV_Handler    stm32wbxx_it.o
    0x080016fe   0x080016fe   0x00000074   Code   RO         1863    i.RCCEx_PLLSAI1_ConfigNP  stm32wbxx_hal_rcc_ex.o
    0x08001772   0x08001772   0x00000074   Code   RO         1864    i.RCCEx_PLLSAI1_ConfigNQ  stm32wbxx_hal_rcc_ex.o
    0x080017e6   0x080017e6   0x00000074   Code   RO         1865    i.RCCEx_PLLSAI1_ConfigNR  stm32wbxx_hal_rcc_ex.o
    0x0800185a   0x0800185a   0x00000002   PAD
    0x0800185c   0x0800185c   0x00000090   Code   RO         1663    i.RCC_SetFlashLatency  stm32wbxx_hal_rcc.o
    0x080018ec   0x080018ec   0x0000004c   Code   RO         1664    i.RCC_SetFlashLatencyFromMSIRange  stm32wbxx_hal_rcc.o
    0x08001938   0x08001938   0x0000019c   Code   RO         1125    i.SDCARD_Init       sdcard_if.o
    0x08001ad4   0x08001ad4   0x00000070   Code   RO         1126    i.SDCARD_ReadBegin  sdcard_if.o
    0x08001b44   0x08001b44   0x0000002e   Code   RO         1127    i.SDCARD_ReadBytes  sdcard_if.o
    0x08001b72   0x08001b72   0x0000005e   Code   RO         1128    i.SDCARD_ReadData   sdcard_if.o
    0x08001bd0   0x08001bd0   0x0000005c   Code   RO         1129    i.SDCARD_ReadEnd    sdcard_if.o
    0x08001c2c   0x08001c2c   0x0000003a   Code   RO         1130    i.SDCARD_ReadR1     sdcard_if.o
    0x08001c66   0x08001c66   0x00000046   Code   RO         1132    i.SDCARD_WaitDataToken  sdcard_if.o
    0x08001cac   0x08001cac   0x00000036   Code   RO         1133    i.SDCARD_WaitNotBusy  sdcard_if.o
    0x08001ce2   0x08001ce2   0x00000002   PAD
    0x08001ce4   0x08001ce4   0x00000070   Code   RO         1134    i.SDCARD_WriteBegin  sdcard_if.o
    0x08001d54   0x08001d54   0x00000078   Code   RO         1135    i.SDCARD_WriteData  sdcard_if.o
    0x08001dcc   0x08001dcc   0x00000042   Code   RO         1136    i.SDCARD_WriteEnd   sdcard_if.o
    0x08001e0e   0x08001e0e   0x00000002   Code   RO          246    i.SVC_Handler       stm32wbxx_it.o
    0x08001e10   0x08001e10   0x00000004   Code   RO          247    i.SysTick_Handler   stm32wbxx_it.o
    0x08001e14   0x08001e14   0x000000ac   Code   RO           17    i.SystemClock_Config  main.o
    0x08001ec0   0x08001ec0   0x00000064   Code   RO         3566    i.SystemInit        system_stm32wbxx.o
    0x08001f24   0x08001f24   0x0000000c   Code   RO          396    i.USER_ICP_CheckCondition  sd_override_functions.o
    0x08001f30   0x08001f30   0x00000014   Code   RO          397    i.USER_ICP_ConditionValidation  sd_override_functions.o
    0x08001f44   0x08001f44   0x00000018   Code   RO          398    i.USER_ICP_ResetCondition  sd_override_functions.o
    0x08001f5c   0x08001f5c   0x00000020   Code   RO          399    i.USER_Return_uSD_Status  sd_override_functions.o
    0x08001f7c   0x08001f7c   0x0000000e   Code   RO          400    i.USER_SDCARD_Select  sd_override_functions.o
    0x08001f8a   0x08001f8a   0x0000000e   Code   RO          401    i.USER_SDCARD_Unselect  sd_override_functions.o
    0x08001f98   0x08001f98   0x0000000c   Code   RO          402    i.USER_SDCARD_isAvailable  sd_override_functions.o
    0x08001fa4   0x08001fa4   0x0000000c   Code   RO          403    i.USER_SDCARD_isInitialisedCallback  sd_override_functions.o
    0x08001fb0   0x08001fb0   0x00000044   Code   RO          404    i.USER_SPI_Transmit  sd_override_functions.o
    0x08001ff4   0x08001ff4   0x00000050   Code   RO          405    i.USER_SPI_TransmitReceive  sd_override_functions.o
    0x08002044   0x08002044   0x00000002   Code   RO          248    i.UsageFault_Handler  stm32wbxx_it.o
    0x08002046   0x08002046   0x00000020   Code   RO         3075    i.__NVIC_SetPriority  stm32wbxx_hal_cortex.o
    0x08002066   0x08002066   0x00000002   PAD
    0x08002068   0x08002068   0x00000010   Code   RO          538    i.___dummyDelay     tim16_driver_functions.o
    0x08002078   0x08002078   0x0000002c   Code   RO          539    i.___tim16_updatePscArrCntRegisters  tim16_driver_functions.o
    0x080020a4   0x080020a4   0x0000000e   Code   RO         3628    i.__scatterload_copy  mc_w.l(handlers.o)
    0x080020b2   0x080020b2   0x00000002   Code   RO         3629    i.__scatterload_null  mc_w.l(handlers.o)
    0x080020b4   0x080020b4   0x0000000e   Code   RO         3630    i.__scatterload_zeroinit  mc_w.l(handlers.o)
    0x080020c2   0x080020c2   0x00000002   PAD
    0x080020c4   0x080020c4   0x00000018   Code   RO          540    i.__tim16_hasCounted_clearUIFflag  tim16_driver_functions.o
    0x080020dc   0x080020dc   0x0000003c   Code   RO          541    i.__tim16_initTimer  tim16_driver_functions.o
    0x08002118   0x08002118   0x00000010   Code   RO          542    i.__tim16_isCounting  tim16_driver_functions.o
    0x08002128   0x08002128   0x0000001c   Code   RO          543    i.__tim16_setCounterValue  tim16_driver_functions.o
    0x08002144   0x08002144   0x0000000c   Code   RO          544    i.__tim16_setPrescalerValue  tim16_driver_functions.o
    0x08002150   0x08002150   0x00000010   Code   RO          545    i.__tim16_startTimer  tim16_driver_functions.o
    0x08002160   0x08002160   0x00000010   Code   RO          546    i.__tim16_stopTimer  tim16_driver_functions.o
    0x08002170   0x08002170   0x0000000e   Code   RO          484    i.__uSD_isAvailable  usd_driver_functions.o
    0x0800217e   0x0800217e   0x00000002   PAD
    0x08002180   0x08002180   0x0000003c   Code   RO          613    i._init_tim16_subsystem  tim16_subsystem.o
    0x080021bc   0x080021bc   0x00000010   Code   RO          511    i._init_uSD_subsystem  usd_subsystem.o
    0x080021cc   0x080021cc   0x000000ac   Code   RO          734    i.check_fs          ff.o
    0x08002278   0x08002278   0x00000010   Code   RO          735    i.chk_chr           ff.o
    0x08002288   0x08002288   0x00000018   Code   RO          736    i.clst2sect         ff.o
    0x080022a0   0x080022a0   0x00000080   Code   RO          737    i.cmp_lfn           ff.o
    0x08002320   0x08002320   0x000000da   Code   RO          738    i.create_chain      ff.o
    0x080023fa   0x080023fa   0x00000002   PAD
    0x080023fc   0x080023fc   0x00000248   Code   RO          739    i.create_name       ff.o
    0x08002644   0x08002644   0x00000008   Code   RO          740    i.dbc_1st           ff.o
    0x0800264c   0x0800264c   0x0000005a   Code   RO          741    i.dir_clear         ff.o
    0x080026a6   0x080026a6   0x000000be   Code   RO          742    i.dir_find          ff.o
    0x08002764   0x08002764   0x000000ae   Code   RO          743    i.dir_next          ff.o
    0x08002812   0x08002812   0x000000b6   Code   RO          744    i.dir_read          ff.o
    0x080028c8   0x080028c8   0x000001e4   Code   RO          745    i.dir_register      ff.o
    0x08002aac   0x08002aac   0x0000004e   Code   RO          746    i.dir_remove        ff.o
    0x08002afa   0x08002afa   0x00000082   Code   RO          747    i.dir_sdi           ff.o
    0x08002b7c   0x08002b7c   0x00000012   Code   RO          677    i.disk_initialize   diskio.o
    0x08002b8e   0x08002b8e   0x0000000a   Code   RO          678    i.disk_ioctl        diskio.o
    0x08002b98   0x08002b98   0x00000036   Code   RO          679    i.disk_read         diskio.o
    0x08002bce   0x08002bce   0x00000004   Code   RO          680    i.disk_status       diskio.o
    0x08002bd2   0x08002bd2   0x00000036   Code   RO          681    i.disk_write        diskio.o
    0x08002c08   0x08002c08   0x00000044   Code   RO           18    i.eraseFlash        main.o
    0x08002c4c   0x08002c4c   0x00000028   Code   RO           19    i.eternalFlashing   main.o
    0x08002c74   0x08002c74   0x00000034   Code   RO           20    i.eternalFlashing_FMW_DOWNLOAD_ERROR  main.o
    0x08002ca8   0x08002ca8   0x0000001e   Code   RO          748    i.f_close           ff.o
    0x08002cc6   0x08002cc6   0x00000020   Code   RO          750    i.f_findfirst       ff.o
    0x08002ce6   0x08002ce6   0x00000034   Code   RO          751    i.f_findnext        ff.o
    0x08002d1a   0x08002d1a   0x00000048   Code   RO          753    i.f_gets            ff.o
    0x08002d62   0x08002d62   0x00000002   PAD
    0x08002d64   0x08002d64   0x00000048   Code   RO          756    i.f_mount           ff.o
    0x08002dac   0x08002dac   0x000001b4   Code   RO          757    i.f_open            ff.o
    0x08002f60   0x08002f60   0x00000062   Code   RO          758    i.f_opendir         ff.o
    0x08002fc2   0x08002fc2   0x00000144   Code   RO          762    i.f_read            ff.o
    0x08003106   0x08003106   0x00000040   Code   RO          763    i.f_readdir         ff.o
    0x08003146   0x08003146   0x00000002   PAD
    0x08003148   0x08003148   0x00000090   Code   RO          766    i.f_sync            ff.o
    0x080031d8   0x080031d8   0x00000092   Code   RO          768    i.f_unlink          ff.o
    0x0800326a   0x0800326a   0x00000180   Code   RO          769    i.f_write           ff.o
    0x080033ea   0x080033ea   0x00000002   PAD
    0x080033ec   0x080033ec   0x00000030   Code   RO         1095    i.ff_oem2uni        ffunicode.o
    0x0800341c   0x0800341c   0x0000003c   Code   RO         1096    i.ff_uni2oem        ffunicode.o
    0x08003458   0x08003458   0x00000088   Code   RO         1097    i.ff_wtoupper       ffunicode.o
    0x080034e0   0x080034e0   0x00000076   Code   RO          770    i.follow_path       ff.o
    0x08003556   0x08003556   0x00000002   PAD
    0x08003558   0x08003558   0x00000090   Code   RO          771    i.gen_numname       ff.o
    0x080035e8   0x080035e8   0x00000024   Code   RO          772    i.get_achar         ff.o
    0x0800360c   0x0800360c   0x000000be   Code   RO          773    i.get_fat           ff.o
    0x080036ca   0x080036ca   0x00000150   Code   RO          774    i.get_fileinfo      ff.o
    0x0800381a   0x0800381a   0x00000002   PAD
    0x0800381c   0x0800381c   0x00000038   Code   RO          775    i.get_ldnumber      ff.o
    0x08003854   0x08003854   0x0000001e   Code   RO          642    i.ihc_getbyte       ihc.o
    0x08003872   0x08003872   0x00000002   PAD
    0x08003874   0x08003874   0x00000010   Code   RO           21    i.isAppAvailable    main.o
    0x08003884   0x08003884   0x0000001c   Code   RO           23    i.jumpToApplication  main.o
    0x080038a0   0x080038a0   0x00000026   Code   RO          776    i.ld_clust          ff.o
    0x080038c6   0x080038c6   0x00000016   Code   RO          777    i.ld_dword          ff.o
    0x080038dc   0x080038dc   0x0000000a   Code   RO          778    i.ld_word           ff.o
    0x080038e6   0x080038e6   0x00000002   PAD
    0x080038e8   0x080038e8   0x0000033c   Code   RO           24    i.main              main.o
    0x08003c24   0x08003c24   0x0000001a   Code   RO          779    i.mem_cmp           ff.o
    0x08003c3e   0x08003c3e   0x00000012   Code   RO          780    i.mem_cpy           ff.o
    0x08003c50   0x08003c50   0x0000000e   Code   RO          781    i.mem_set           ff.o
    0x08003c5e   0x08003c5e   0x00000002   PAD
    0x08003c60   0x08003c60   0x00000254   Code   RO          782    i.mount_volume      ff.o
    0x08003eb4   0x08003eb4   0x00000032   Code   RO          783    i.move_window       ff.o
    0x08003ee6   0x08003ee6   0x0000009e   Code   RO          784    i.pattern_match     ff.o
    0x08003f84   0x08003f84   0x00000074   Code   RO          785    i.pick_lfn          ff.o
    0x08003ff8   0x08003ff8   0x000000ea   Code   RO          786    i.put_fat           ff.o
    0x080040e2   0x080040e2   0x00000074   Code   RO          790    i.remove_chain      ff.o
    0x08004156   0x08004156   0x00000028   Code   RO          791    i.st_clust          ff.o
    0x0800417e   0x0800417e   0x00000010   Code   RO          792    i.st_dword          ff.o
    0x0800418e   0x0800418e   0x00000008   Code   RO          793    i.st_word           ff.o
    0x08004196   0x08004196   0x0000001a   Code   RO          794    i.sum_sfn           ff.o
    0x080041b0   0x080041b0   0x00000088   Code   RO          795    i.sync_fs           ff.o
    0x08004238   0x08004238   0x00000046   Code   RO          796    i.sync_window       ff.o
    0x0800427e   0x0800427e   0x00000002   PAD
    0x08004280   0x08004280   0x0000001c   Code   RO           25    i.turnOffSPI        main.o
    0x0800429c   0x0800429c   0x00000034   Code   RO          797    i.validate          ff.o
    0x080042d0   0x080042d0   0x0000008d   Data   RO          799    .constdata          ff.o
    0x0800435d   0x0800435d   0x00000001   PAD
    0x0800435e   0x0800435e   0x000003ae   Data   RO         1098    .constdata          ffunicode.o
    0x0800470c   0x0800470c   0x0000002c   Data   RO         1665    .constdata          stm32wbxx_hal_rcc.o
    0x08004738   0x08004738   0x00000080   Data   RO         3567    .constdata          system_stm32wbxx.o
    0x080047b8   0x080047b8   0x00000020   Data   RO         3626    Region$$Table       anon$$obj.o


    Execution Region RW_IRAM1 (Exec base: 0x20000004, Load base: 0x080047d8, Size: 0x000102bc, Max: 0x0002fffc, ABSOLUTE)

    Exec Addr    Load Addr    Size         Type   Attr      Idx    E Section Name        Object

    0x20000004   0x080047d8   0x00000001   Data   RW          547    .data               tim16_driver_functions.o
    0x20000005   0x080047d9   0x00000003   PAD
    0x20000008   0x080047dc   0x00000008   Data   RW          800    .data               ff.o
    0x20000010   0x080047e4   0x0000000c   Data   RW         3227    .data               stm32wbxx_hal.o
    0x2000001c   0x080047f0   0x00000004   Data   RW         3570    .data               system_stm32wbxx.o
    0x20000020        -       0x00000064   Zero   RW           26    .bss                main.o
    0x20000084        -       0x00000024   Zero   RW          361    .bss                system.o
    0x200000a8        -       0x00000200   Zero   RW          798    .bss                ff.o
    0x200002a8        -       0x00000018   Zero   RW         2170    .bss                stm32wbxx_hal_flash.o
    0x200002c0        -       0x00010000   Zero   RW            1    STACK               startup_stm32wb55xx_cm4.o


    Execution Region RW_RAM_SHARED (Exec base: 0x20030000, Load base: 0x080047f4, Size: 0x00000000, Max: 0x00002800, ABSOLUTE)

    **** No section assigned to this execution region ****


==============================================================================

Image component sizes


      Code (inc. data)   RO Data    RW Data    ZI Data      Debug   Object Name

       140          0          0          0          0       6994   diskio.o
      6958        102        141          8        512      61160   ff.o
       244         30        942          0          0       3064   ffunicode.o
       486          6          0          0          0       4039   ihc.o
      1456        174          0          0        100     663703   main.o
       288         40          0          0          0       6805   sd_override_functions.o
      1236         76          0          0          0       9392   sdcard_if.o
        36          8        316          0      65536        872   startup_stm32wb55xx_cm4.o
       184         28          0         12          0      18211   stm32wbxx_hal.o
       172         14          0          0          0      33290   stm32wbxx_hal_cortex.o
       356         48          0          0         24      28014   stm32wbxx_hal_flash.o
       260         26          0          0          0       4555   stm32wbxx_hal_flash_ex.o
       430         26          0          0          0       2488   stm32wbxx_hal_gpio.o
       134          6          0          0          0      11136   stm32wbxx_hal_msp.o
        16          4          0          0          0        575   stm32wbxx_hal_pwr.o
        16          6          0          0          0        604   stm32wbxx_hal_pwr_ex.o
      2464         68         44          0          0      46006   stm32wbxx_hal_rcc.o
      1020          0          0          0          0      40060   stm32wbxx_hal_rcc_ex.o
       224          0          0          0          0       1291   stm32wbxx_hal_spi.o
        20          0          0          0          0       4430   stm32wbxx_it.o
        24          4          0          0         36       2404   system.o
       100         14        128          4          0       1436   system_stm32wbxx.o
       232         48          0          1          0       5998   tim16_driver_functions.o
        60         30          0          0          0       1704   tim16_subsystem.o
        14          0          0          0          0        580   usd_driver_functions.o
        16          6          0          0          0       1470   usd_subsystem.o

    ----------------------------------------------------------------------
     16628        764       1604         28      66208     960281   Object Totals
         0          0         32          0          0          0   (incl. Generated)
        42          0          1          3          0          0   (incl. Padding)

    ----------------------------------------------------------------------

      Code (inc. data)   RO Data    RW Data    ZI Data      Debug   Library Member Name

         0          0          0          0          0          0   entry.o
         0          0          0          0          0          0   entry10a.o
         0          0          0          0          0          0   entry11a.o
         8          4          0          0          0          0   entry2.o
         4          0          0          0          0          0   entry5.o
         0          0          0          0          0          0   entry7b.o
         0          0          0          0          0          0   entry8b.o
         8          4          0          0          0          0   entry9a.o
        30          0          0          0          0          0   handlers.o
        36          8          0          0          0         68   init.o
        36          0          0          0          0         68   memcpya.o
        36          0          0          0          0        108   memseta.o

    ----------------------------------------------------------------------
       160         16          0          0          0        244   Library Totals
         2          0          0          0          0          0   (incl. Padding)

    ----------------------------------------------------------------------

      Code (inc. data)   RO Data    RW Data    ZI Data      Debug   Library Name

       158         16          0          0          0        244   mc_w.l

    ----------------------------------------------------------------------
       160         16          0          0          0        244   Library Totals

    ----------------------------------------------------------------------

==============================================================================


      Code (inc. data)   RO Data    RW Data    ZI Data      Debug   

     16788        780       1604         28      66208     944177   Grand Totals
     16788        780       1604         28      66208     944177   ELF Image Totals
     16788        780       1604         28          0          0   ROM Totals

==============================================================================

    Total RO  Size (Code + RO Data)                18392 (  17.96kB)
    Total RW  Size (RW Data + ZI Data)             66236 (  64.68kB)
    Total ROM Size (Code + RO Data + RW Data)      18420 (  17.99kB)

==============================================================================

